2025-12-20T04:40:09.7032820Z Current runner version: '2.330.0'
2025-12-20T04:40:09.7047170Z ##[group]Runner Image Provisioner
2025-12-20T04:40:09.7047660Z Hosted Compute Agent
2025-12-20T04:40:09.7047990Z Version: 20251211.462
2025-12-20T04:40:09.7048360Z Commit: 6cbad8c2bb55d58165063d031ccabf57e2d2db61
2025-12-20T04:40:09.7048790Z Build Date: 2025-12-11T16:28:49Z
2025-12-20T04:40:09.7049290Z Worker ID: {80263662-5a37-441b-a714-2b6961f30803}
2025-12-20T04:40:09.7049700Z ##[endgroup]
2025-12-20T04:40:09.7050020Z ##[group]Operating System
2025-12-20T04:40:09.7050370Z macOS
2025-12-20T04:40:09.7050730Z 26.0.1
2025-12-20T04:40:09.7051020Z 25A362
2025-12-20T04:40:09.7051310Z ##[endgroup]
2025-12-20T04:40:09.7051620Z ##[group]Runner Image
2025-12-20T04:40:09.7051950Z Image: macos-26-arm64
2025-12-20T04:40:09.7052290Z Version: 20251216.0100.1
2025-12-20T04:40:09.7052990Z Included Software: https://github.com/actions/runner-images/blob/macos-26-arm64/20251216.0100/images/macos/macos-26-arm64-Readme.md
2025-12-20T04:40:09.7054040Z Image Release: https://github.com/actions/runner-images/releases/tag/macos-26-arm64%2F20251216.0100
2025-12-20T04:40:09.7054680Z ##[endgroup]
2025-12-20T04:40:09.7055390Z ##[group]GITHUB_TOKEN Permissions
2025-12-20T04:40:09.7056600Z Contents: read
2025-12-20T04:40:09.7056940Z Metadata: read
2025-12-20T04:40:09.7057250Z Packages: read
2025-12-20T04:40:09.7057560Z ##[endgroup]
2025-12-20T04:40:09.7058950Z Secret source: Actions
2025-12-20T04:40:09.7059350Z Prepare workflow directory
2025-12-20T04:40:09.7334260Z Prepare all required actions
2025-12-20T04:40:09.7362740Z Getting action download info
2025-12-20T04:40:10.1965630Z Download action repository 'actions/checkout@v4' (SHA:34e114876b0b11c390a56381ad16ebd13914f8d5)
2025-12-20T04:40:10.5013080Z Download action repository 'actions/upload-artifact@v4' (SHA:ea165f8d65b6e75b540449e92b4886f43607fa02)
2025-12-20T04:40:10.7164840Z Complete job name: SwiftLint
2025-12-20T04:40:10.7679640Z ##[group]Run actions/checkout@v4
2025-12-20T04:40:10.7680260Z with:
2025-12-20T04:40:10.7680580Z   repository: gifton/VectorAccelerate
2025-12-20T04:40:10.7681140Z   token: ***
2025-12-20T04:40:10.7681410Z   ssh-strict: true
2025-12-20T04:40:10.7681690Z   ssh-user: git
2025-12-20T04:40:10.7681980Z   persist-credentials: true
2025-12-20T04:40:10.7682290Z   clean: true
2025-12-20T04:40:10.7682800Z   sparse-checkout-cone-mode: true
2025-12-20T04:40:10.7683340Z   fetch-depth: 1
2025-12-20T04:40:10.7683640Z   fetch-tags: false
2025-12-20T04:40:10.7683920Z   show-progress: true
2025-12-20T04:40:10.7684210Z   lfs: false
2025-12-20T04:40:10.7684480Z   submodules: false
2025-12-20T04:40:10.7684770Z   set-safe-directory: true
2025-12-20T04:40:10.7685310Z env:
2025-12-20T04:40:10.7685660Z   DEVELOPER_DIR: /Applications/Xcode.app/Contents/Developer
2025-12-20T04:40:10.7686070Z ##[endgroup]
2025-12-20T04:40:11.1159910Z Syncing repository: gifton/VectorAccelerate
2025-12-20T04:40:11.1161910Z ##[group]Getting Git version info
2025-12-20T04:40:11.1162450Z Working directory is '/Users/runner/work/VectorAccelerate/VectorAccelerate'
2025-12-20T04:40:11.1170880Z [command]/opt/homebrew/bin/git version
2025-12-20T04:40:11.1739160Z git version 2.50.1
2025-12-20T04:40:11.1767500Z ##[endgroup]
2025-12-20T04:40:11.1773540Z Copying '/Users/runner/.gitconfig' to '/Users/runner/work/_temp/89716340-2dda-4f33-939c-8e837cb54b31/.gitconfig'
2025-12-20T04:40:11.1779670Z Temporarily overriding HOME='/Users/runner/work/_temp/89716340-2dda-4f33-939c-8e837cb54b31' before making global git config changes
2025-12-20T04:40:11.1780690Z Adding repository directory to the temporary git global config as a safe directory
2025-12-20T04:40:11.1783310Z [command]/opt/homebrew/bin/git config --global --add safe.directory /Users/runner/work/VectorAccelerate/VectorAccelerate
2025-12-20T04:40:11.1908460Z Deleting the contents of '/Users/runner/work/VectorAccelerate/VectorAccelerate'
2025-12-20T04:40:11.1937150Z ##[group]Initializing the repository
2025-12-20T04:40:11.1937960Z [command]/opt/homebrew/bin/git init /Users/runner/work/VectorAccelerate/VectorAccelerate
2025-12-20T04:40:11.2486700Z hint: Using 'master' as the name for the initial branch. This default branch name
2025-12-20T04:40:11.2489010Z hint: is subject to change. To configure the initial branch name to use in all
2025-12-20T04:40:11.2489730Z hint: of your new repositories, which will suppress this warning, call:
2025-12-20T04:40:11.2490280Z hint:
2025-12-20T04:40:11.2490740Z hint: 	git config --global init.defaultBranch <name>
2025-12-20T04:40:11.2491210Z hint:
2025-12-20T04:40:11.2491700Z hint: Names commonly chosen instead of 'master' are 'main', 'trunk' and
2025-12-20T04:40:11.2492440Z hint: 'development'. The just-created branch can be renamed via this command:
2025-12-20T04:40:11.2493060Z hint:
2025-12-20T04:40:11.2493410Z hint: 	git branch -m <name>
2025-12-20T04:40:11.2493800Z hint:
2025-12-20T04:40:11.2494340Z hint: Disable this message with "git config set advice.defaultBranchName false"
2025-12-20T04:40:11.2495080Z Initialized empty Git repository in /Users/runner/work/VectorAccelerate/VectorAccelerate/.git/
2025-12-20T04:40:11.2499700Z [command]/opt/homebrew/bin/git remote add origin https://github.com/gifton/VectorAccelerate
2025-12-20T04:40:11.2563190Z ##[endgroup]
2025-12-20T04:40:11.2563830Z ##[group]Disabling automatic garbage collection
2025-12-20T04:40:11.2565270Z [command]/opt/homebrew/bin/git config --local gc.auto 0
2025-12-20T04:40:11.2626360Z ##[endgroup]
2025-12-20T04:40:11.2626980Z ##[group]Setting up auth
2025-12-20T04:40:11.2630570Z [command]/opt/homebrew/bin/git config --local --name-only --get-regexp core\.sshCommand
2025-12-20T04:40:11.2694470Z [command]/opt/homebrew/bin/git submodule foreach --recursive sh -c "git config --local --name-only --get-regexp 'core\.sshCommand' && git config --local --unset-all 'core.sshCommand' || :"
2025-12-20T04:40:11.3586760Z [command]/opt/homebrew/bin/git config --local --name-only --get-regexp http\.https\:\/\/github\.com\/\.extraheader
2025-12-20T04:40:11.3606710Z [command]/opt/homebrew/bin/git submodule foreach --recursive sh -c "git config --local --name-only --get-regexp 'http\.https\:\/\/github\.com\/\.extraheader' && git config --local --unset-all 'http.https://github.com/.extraheader' || :"
2025-12-20T04:40:11.4757680Z [command]/opt/homebrew/bin/git config --local --name-only --get-regexp ^includeIf\.gitdir:
2025-12-20T04:40:11.4882360Z [command]/opt/homebrew/bin/git submodule foreach --recursive git config --local --show-origin --name-only --get-regexp remote.origin.url
2025-12-20T04:40:11.5553720Z [command]/opt/homebrew/bin/git config --local http.https://github.com/.extraheader AUTHORIZATION: basic ***
2025-12-20T04:40:11.5618480Z ##[endgroup]
2025-12-20T04:40:11.5619170Z ##[group]Fetching the repository
2025-12-20T04:40:11.5623890Z [command]/opt/homebrew/bin/git -c protocol.version=2 fetch --no-tags --prune --no-recurse-submodules --depth=1 origin +e9eee4d11386b42dca65f5a5dafd928a0d3febd8:refs/remotes/pull/14/merge
2025-12-20T04:40:12.2141940Z From https://github.com/gifton/VectorAccelerate
2025-12-20T04:40:12.2142900Z  * [new ref]         e9eee4d11386b42dca65f5a5dafd928a0d3febd8 -> pull/14/merge
2025-12-20T04:40:12.2225130Z ##[endgroup]
2025-12-20T04:40:12.2227060Z ##[group]Determining the checkout info
2025-12-20T04:40:12.2228020Z ##[endgroup]
2025-12-20T04:40:12.2228740Z [command]/opt/homebrew/bin/git sparse-checkout disable
2025-12-20T04:40:12.2291450Z [command]/opt/homebrew/bin/git config --local --unset-all extensions.worktreeConfig
2025-12-20T04:40:12.2346970Z ##[group]Checking out the ref
2025-12-20T04:40:12.2348830Z [command]/opt/homebrew/bin/git checkout --progress --force refs/remotes/pull/14/merge
2025-12-20T04:40:12.2749210Z HEAD is now at e9eee4d Merge 1b4645ea782f9aeecb23e87bacca983ec945984f into cba7c68a5d2693e5d22aa5627df53c2c979f6bdc
2025-12-20T04:40:12.3052740Z ##[endgroup]
2025-12-20T04:40:12.3358640Z [command]/opt/homebrew/bin/git log -1 --format=%H
2025-12-20T04:40:12.3460910Z e9eee4d11386b42dca65f5a5dafd928a0d3febd8
2025-12-20T04:40:12.4151210Z ##[group]Run brew install swiftlint
2025-12-20T04:40:12.4152190Z [36;1mbrew install swiftlint[0m
2025-12-20T04:40:12.4196780Z shell: /bin/bash -e {0}
2025-12-20T04:40:12.4197470Z env:
2025-12-20T04:40:12.4198220Z   DEVELOPER_DIR: /Applications/Xcode.app/Contents/Developer
2025-12-20T04:40:12.4199240Z ##[endgroup]
2025-12-20T04:40:16.0303460Z ✔︎ JSON API formula_tap_migrations.jws.json
2025-12-20T04:40:16.0304270Z ✔︎ JSON API cask_tap_migrations.jws.json
2025-12-20T04:40:17.5969910Z [32m==>[0m [1mFetching downloads for: [32mswiftlint[39m[0m
2025-12-20T04:40:18.0135620Z ✔︎ Bottle Manifest swiftlint (0.62.2_1)
2025-12-20T04:40:18.8450460Z ✔︎ Bottle swiftlint (0.62.2_1)
2025-12-20T04:40:18.9709530Z [34m==>[0m [1mPouring swiftlint--0.62.2_1.arm64_tahoe.bottle.tar.gz[0m
2025-12-20T04:40:19.1282100Z 🍺  /opt/homebrew/Cellar/swiftlint/0.62.2_1: 10 files, 39.0MB
2025-12-20T04:40:19.1287030Z [32m==>[0m [1mCaveats[0m
2025-12-20T04:40:19.1287860Z Bash completion has been installed to:
2025-12-20T04:40:19.1288350Z   /opt/homebrew/etc/bash_completion.d
2025-12-20T04:40:19.1647280Z ##[group]Run echo "Running SwiftLint $(swiftlint version)"
2025-12-20T04:40:19.1647720Z [36;1mecho "Running SwiftLint $(swiftlint version)"[0m
2025-12-20T04:40:19.1647960Z [36;1m[0m
2025-12-20T04:40:19.1648160Z [36;1m# Run SwiftLint and capture output[0m
2025-12-20T04:40:19.1648540Z [36;1mswiftlint lint --reporter github-actions-logging 2>&1 | tee swiftlint.log || true[0m
2025-12-20T04:40:19.1648910Z [36;1m[0m
2025-12-20T04:40:19.1649100Z [36;1m# Count issues[0m
2025-12-20T04:40:19.1649390Z [36;1mWARNINGS=$(grep -c "warning:" swiftlint.log 2>/dev/null || echo "0")[0m
2025-12-20T04:40:19.1649760Z [36;1mERRORS=$(grep -c "error:" swiftlint.log 2>/dev/null || echo "0")[0m
2025-12-20T04:40:19.1650030Z [36;1m[0m
2025-12-20T04:40:19.1650260Z [36;1mecho "## SwiftLint Results" >> $GITHUB_STEP_SUMMARY[0m
2025-12-20T04:40:19.1650570Z [36;1mecho "- Warnings: $WARNINGS" >> $GITHUB_STEP_SUMMARY[0m
2025-12-20T04:40:19.1650930Z [36;1mecho "- Errors: $ERRORS" >> $GITHUB_STEP_SUMMARY[0m
2025-12-20T04:40:19.1651190Z [36;1m[0m
2025-12-20T04:40:19.1651460Z [36;1m# Only fail on errors, warnings are acceptable[0m
2025-12-20T04:40:19.1651720Z [36;1mif [ "$ERRORS" -gt 0 ]; then[0m
2025-12-20T04:40:19.1652030Z [36;1m  echo "❌ SwiftLint found $ERRORS error(s)" >> $GITHUB_STEP_SUMMARY[0m
2025-12-20T04:40:19.1652400Z [36;1m  exit 1[0m
2025-12-20T04:40:19.1652670Z [36;1melse[0m
2025-12-20T04:40:19.1652940Z [36;1m  echo "✅ No SwiftLint errors" >> $GITHUB_STEP_SUMMARY[0m
2025-12-20T04:40:19.1653200Z [36;1mfi[0m
2025-12-20T04:40:19.1695710Z shell: /bin/bash -e {0}
2025-12-20T04:40:19.1695960Z env:
2025-12-20T04:40:19.1696200Z   DEVELOPER_DIR: /Applications/Xcode.app/Contents/Developer
2025-12-20T04:40:19.1696460Z ##[endgroup]
2025-12-20T04:40:19.2102890Z Running SwiftLint 0.62.2
2025-12-20T04:40:20.9040020Z Linting Swift files in current working directory
2025-12-20T04:40:20.9689740Z Linting 'BinaryQuantizationKernel.swift' (1/148)
2025-12-20T04:40:20.9690250Z Linting 'TopKSelectionKernel.swift' (2/148)
2025-12-20T04:40:20.9690640Z Linting 'BatchMatrixKernel.swift' (3/148)
2025-12-20T04:40:21.0497630Z Linting 'MinkowskiDistanceKernel.swift' (4/148)
2025-12-20T04:40:21.0498460Z Linting 'WarpOptimizedSelectionKernel.swift' (5/148)
2025-12-20T04:40:21.0516080Z ##[warning]Variable name 'M' should be between 2 and 50 characters long (identifier_name)
2025-12-20T04:40:21.0521200Z ##[warning]Variable name 'K' should be between 2 and 50 characters long (identifier_name)
2025-12-20T04:40:21.0522410Z ##[warning]Variable name 'N' should be between 2 and 50 characters long (identifier_name)
2025-12-20T04:40:21.0523480Z ##[warning]Variable name 'M' should be between 2 and 50 characters long (identifier_name)
2025-12-20T04:40:21.0524650Z ##[warning]Variable name 'K' should be between 2 and 50 characters long (identifier_name)
2025-12-20T04:40:21.0525920Z ##[warning]Variable name 'N' should be between 2 and 50 characters long (identifier_name)
2025-12-20T04:40:21.0527010Z ##[warning]Variable name 'M' should be between 2 and 50 characters long (identifier_name)
2025-12-20T04:40:21.0534930Z ##[warning]Variable name 'K' should be between 2 and 50 characters long (identifier_name)
2025-12-20T04:40:21.0536120Z ##[warning]Variable name 'N' should be between 2 and 50 characters long (identifier_name)
2025-12-20T04:40:21.0536790Z Linting 'LearnedDistanceKernel.swift' (6/148)
2025-12-20T04:40:21.0873870Z ##[warning]Variable name 'p' should be between 2 and 50 characters long (identifier_name)
2025-12-20T04:40:21.0885500Z ##[warning]Variable name 'p' should be between 2 and 50 characters long (identifier_name)
2025-12-20T04:40:21.0899640Z ##[warning]Variable name 'p' should be between 2 and 50 characters long (identifier_name)
2025-12-20T04:40:21.0962400Z ##[warning]Variable name 'M' should be between 2 and 50 characters long (identifier_name)
2025-12-20T04:40:21.0964050Z ##[warning]Variable name 'N' should be between 2 and 50 characters long (identifier_name)
2025-12-20T04:40:21.1019440Z ##[warning]Variable name 'D' should be between 2 and 50 characters long (identifier_name)
2025-12-20T04:40:21.1021230Z ##[warning]Variable name 'p' should be between 2 and 50 characters long (identifier_name)
2025-12-20T04:40:21.1022450Z ##[warning]Variable name 'M' should be between 2 and 50 characters long (identifier_name)
2025-12-20T04:40:21.1023650Z ##[warning]Variable name 'N' should be between 2 and 50 characters long (identifier_name)
2025-12-20T04:40:21.1024700Z ##[warning]Variable name 'D' should be between 2 and 50 characters long (identifier_name)
2025-12-20T04:40:21.1025810Z ##[warning]Variable name 'p' should be between 2 and 50 characters long (identifier_name)
2025-12-20T04:40:21.1026960Z ##[warning]Variable name 'M' should be between 2 and 50 characters long (identifier_name)
2025-12-20T04:40:21.1028090Z ##[warning]Variable name 'N' should be between 2 and 50 characters long (identifier_name)
2025-12-20T04:40:21.1029390Z ##[warning]Variable name 'D' should be between 2 and 50 characters long (identifier_name)
2025-12-20T04:40:21.1030690Z ##[warning]Variable name 'p' should be between 2 and 50 characters long (identifier_name)
2025-12-20T04:40:21.1031900Z ##[warning]Variable name 'p' should be between 2 and 50 characters long (identifier_name)
2025-12-20T04:40:21.1033110Z ##[warning]Variable name 'p' should be between 2 and 50 characters long (identifier_name)
2025-12-20T04:40:21.1033880Z Linting 'TopKMergeKernel.swift' (7/148)
2025-12-20T04:40:21.1034140Z Linting 'ProductQuantizationKernel.swift' (8/148)
2025-12-20T04:40:21.1034400Z Linting 'FusedL2TopKKernel.swift' (9/148)
2025-12-20T04:40:21.1035030Z ##[warning]Force unwrapping should be avoided (force_unwrapping)
2025-12-20T04:40:21.1036210Z ##[warning]Force unwrapping should be avoided (force_unwrapping)
2025-12-20T04:40:21.1037250Z ##[warning]Force unwrapping should be avoided (force_unwrapping)
2025-12-20T04:40:21.1038340Z ##[warning]Force unwrapping should be avoided (force_unwrapping)
2025-12-20T04:40:21.1039400Z ##[warning]Force unwrapping should be avoided (force_unwrapping)
2025-12-20T04:40:21.1043480Z ##[warning]Class body should span 500 lines or less excluding comments and whitespace: currently spans 511 lines (type_body_length)
2025-12-20T04:40:21.1045030Z ##[warning]Unused parameter in a closure should be replaced with _ (unused_closure_parameter)
2025-12-20T04:40:21.1045890Z Linting 'CosineSimilarityKernel.swift' (10/148)
2025-12-20T04:40:21.1236700Z ##[warning]Variable name 'M' should be between 2 and 50 characters long (identifier_name)
2025-12-20T04:40:21.1238130Z ##[warning]Variable name 'K' should be between 2 and 50 characters long (identifier_name)
2025-12-20T04:40:21.1241070Z ##[error]Variable name 'D_sub' should start with a lowercase character (identifier_name)
2025-12-20T04:40:21.1242230Z ##[warning]Variable name 'M' should be between 2 and 50 characters long (identifier_name)
2025-12-20T04:40:21.1243320Z ##[warning]Variable name 'K' should be between 2 and 50 characters long (identifier_name)
2025-12-20T04:40:21.1244450Z ##[warning]Variable name 'd' should be between 2 and 50 characters long (identifier_name)
2025-12-20T04:40:21.1245840Z ##[warning]Variable name 'd' should be between 2 and 50 characters long (identifier_name)
2025-12-20T04:40:21.1246900Z ##[warning]Variable name 'N' should be between 2 and 50 characters long (identifier_name)
2025-12-20T04:40:21.1248040Z ##[warning]Variable name 'D' should be between 2 and 50 characters long (identifier_name)
2025-12-20T04:40:21.1249110Z ##[warning]Variable name 'M' should be between 2 and 50 characters long (identifier_name)
2025-12-20T04:40:21.1250280Z ##[warning]Variable name 'K' should be between 2 and 50 characters long (identifier_name)
2025-12-20T04:40:21.1251420Z ##[error]Variable name 'D_sub' should start with a lowercase character (identifier_name)
2025-12-20T04:40:21.1252660Z ##[warning]Variable name 'p' should be between 2 and 50 characters long (identifier_name)
2025-12-20T04:40:21.1253800Z ##[warning]Variable name 'p' should be between 2 and 50 characters long (identifier_name)
2025-12-20T04:40:21.1255080Z ##[warning]Variable name 'd' should be between 2 and 50 characters long (identifier_name)
2025-12-20T04:40:21.1256310Z ##[warning]Shorthand syntactic sugar should be used, i.e. [Int] instead of Array<Int> (syntactic_sugar)
2025-12-20T04:40:21.1257030Z Linting 'AttentionSimilarityKernel.swift' (11/148)
2025-12-20T04:40:21.1280080Z Linting 'ScalarQuantizationKernel.swift' (12/148)
2025-12-20T04:40:21.1488070Z ##[warning]When the index is not used, `.enumerated()` can be removed (unused_enumerated)
2025-12-20T04:40:21.1489110Z Linting 'HistogramKernel.swift' (13/148)
2025-12-20T04:40:21.1602450Z Linting 'ElementwiseKernel.swift' (14/148)
2025-12-20T04:40:21.1678880Z ##[error]Function should have complexity 15 or less; currently complexity is 27 (cyclomatic_complexity)
2025-12-20T04:40:21.1788060Z ##[warning]File should contain 600 lines or less excluding comments and whitespaces: currently contains 819 (file_length)
2025-12-20T04:40:21.1816780Z ##[warning]Function body should span 100 lines or less excluding comments and whitespace: currently spans 266 lines (function_body_length)
2025-12-20T04:40:21.1818600Z ##[warning]Variable name 'Q' should be between 2 and 50 characters long (identifier_name)
2025-12-20T04:40:21.1819850Z ##[warning]Variable name 'D' should be between 2 and 50 characters long (identifier_name)
2025-12-20T04:40:21.1820950Z ##[warning]Variable name 'K' should be between 2 and 50 characters long (identifier_name)
2025-12-20T04:40:21.1822160Z ##[warning]Line should be 150 characters or less; currently it has 157 characters (line_length)
2025-12-20T04:40:21.1823560Z ##[warning]Class body should span 500 lines or less excluding comments and whitespace: currently spans 718 lines (type_body_length)
2025-12-20T04:40:21.1824450Z Linting 'KernelProtocol.swift' (15/148)
2025-12-20T04:40:21.1825100Z ##[warning]Force unwrapping should be avoided (force_unwrapping)
2025-12-20T04:40:21.1825780Z Linting 'QuantizationStatisticsKernel.swift' (16/148)
2025-12-20T04:40:21.1875140Z Linting 'MatrixTransposeKernel.swift' (17/148)
2025-12-20T04:40:21.1981520Z ##[warning]`where` clauses are preferred over a single `if` inside a `for` (for_where)
2025-12-20T04:40:21.1983110Z ##[warning]`where` clauses are preferred over a single `if` inside a `for` (for_where)
2025-12-20T04:40:21.1984210Z ##[warning]Force unwrapping should be avoided (force_unwrapping)
2025-12-20T04:40:21.1985340Z ##[warning]Force unwrapping should be avoided (force_unwrapping)
2025-12-20T04:40:21.1986530Z ##[warning]Variable name 'p' should be between 2 and 50 characters long (identifier_name)
2025-12-20T04:40:21.1987220Z Linting 'HammingDistanceKernel.swift' (18/148)
2025-12-20T04:40:21.2106260Z ##[warning]`where` clauses are preferred over a single `if` inside a `for` (for_where)
2025-12-20T04:40:21.2107890Z ##[warning]Force unwrapping should be avoided (force_unwrapping)
2025-12-20T04:40:21.2108660Z Linting 'NeuralQuantizationKernel.swift' (19/148)
2025-12-20T04:40:21.2276010Z ##[warning]Avoid print() in production code. Use Logger instead. (no_print_in_production)
2025-12-20T04:40:21.2278090Z ##[warning]Force unwrapping should be avoided (force_unwrapping)
2025-12-20T04:40:21.2279190Z ##[warning]Force unwrapping should be avoided (force_unwrapping)
2025-12-20T04:40:21.2280150Z ##[warning]Force unwrapping should be avoided (force_unwrapping)
2025-12-20T04:40:21.2281410Z ##[warning]Function body should span 100 lines or less excluding comments and whitespace: currently spans 118 lines (function_body_length)
2025-12-20T04:40:21.2282710Z ##[warning]Optional should be implicitly initialized without nil (implicit_optional_initialization)
2025-12-20T04:40:21.2283890Z ##[warning]Optional should be implicitly initialized without nil (implicit_optional_initialization)
2025-12-20T04:40:21.2285180Z ##[warning]Class body should span 500 lines or less excluding comments and whitespace: currently spans 507 lines (type_body_length)
2025-12-20T04:40:21.2286390Z ##[warning]When the index is not used, `.enumerated()` can be removed (unused_enumerated)
2025-12-20T04:40:21.2287750Z ##[warning]When the index is not used, `.enumerated()` can be removed (unused_enumerated)
2025-12-20T04:40:21.2288410Z Linting 'MatrixVectorKernel.swift' (20/148)
2025-12-20T04:40:21.2350610Z ##[warning]`where` clauses are preferred over a single `if` inside a `for` (for_where)
2025-12-20T04:40:21.2352190Z ##[warning]Function should have 8 parameters or less: it currently has 9 (function_parameter_count)
2025-12-20T04:40:21.2353400Z ##[warning]Variable name 'Q' should be between 2 and 50 characters long (identifier_name)
2025-12-20T04:40:21.2354530Z ##[warning]Variable name 'N' should be between 2 and 50 characters long (identifier_name)
2025-12-20T04:40:21.2355740Z ##[warning]Variable name 'D' should be between 2 and 50 characters long (identifier_name)
2025-12-20T04:40:21.2457780Z ##[warning]Shorthand syntactic sugar should be used, i.e. [Int] instead of Array<Int> (syntactic_sugar)
2025-12-20T04:40:21.2559520Z Linting 'MatrixMultiplyKernel.swift' (21/148)
2025-12-20T04:40:21.2661580Z ##[error]Variable name 'Av' should start with a lowercase character (identifier_name)
2025-12-20T04:40:21.2763690Z Linting 'StreamingTopKKernel.swift' (22/148)
2025-12-20T04:40:21.2865520Z ##[warning]Force unwrapping should be avoided (force_unwrapping)
2025-12-20T04:40:21.2935130Z ##[warning]Force unwrapping should be avoided (force_unwrapping)
2025-12-20T04:40:21.2936510Z ##[warning]Force unwrapping should be avoided (force_unwrapping)
2025-12-20T04:40:21.2937640Z ##[warning]Variable name 'M' should be between 2 and 50 characters long (identifier_name)
2025-12-20T04:40:21.2938880Z ##[warning]Variable name 'K' should be between 2 and 50 characters long (identifier_name)
2025-12-20T04:40:21.3041420Z ##[warning]Variable name 'N' should be between 2 and 50 characters long (identifier_name)
2025-12-20T04:40:21.3144470Z ##[warning]Variable name 'M' should be between 2 and 50 characters long (identifier_name)
2025-12-20T04:40:21.3165430Z ##[warning]Variable name 'K' should be between 2 and 50 characters long (identifier_name)
2025-12-20T04:40:21.3311050Z ##[warning]Variable name 'N' should be between 2 and 50 characters long (identifier_name)
2025-12-20T04:40:21.3312900Z ##[warning]Variable name 'K' should be between 2 and 50 characters long (identifier_name)
2025-12-20T04:40:21.3314080Z ##[warning]Variable name 'M' should be between 2 and 50 characters long (identifier_name)
2025-12-20T04:40:21.3315220Z ##[warning]Variable name 'K' should be between 2 and 50 characters long (identifier_name)
2025-12-20T04:40:21.3316340Z ##[warning]Variable name 'N' should be between 2 and 50 characters long (identifier_name)
2025-12-20T04:40:21.3317440Z ##[warning]Variable name 'M' should be between 2 and 50 characters long (identifier_name)
2025-12-20T04:40:21.3318560Z ##[warning]Variable name 'N' should be between 2 and 50 characters long (identifier_name)
2025-12-20T04:40:21.3319250Z Linting 'L2DistanceKernel.swift' (23/148)
2025-12-20T04:40:21.3320240Z ##[warning]Function should have complexity 15 or less; currently complexity is 16 (cyclomatic_complexity)
2025-12-20T04:40:21.3322100Z ##[warning]File should contain 600 lines or less excluding comments and whitespaces: currently contains 716 (file_length)
2025-12-20T04:40:21.3323210Z ##[warning]Force unwrapping should be avoided (force_unwrapping)
2025-12-20T04:40:21.3324280Z ##[warning]Variable name 'o' should be between 2 and 50 characters long (identifier_name)
2025-12-20T04:40:21.3326560Z ##[warning]Variable name 'r' should be between 2 and 50 characters long (identifier_name)
2025-12-20T04:40:21.3327890Z ##[warning]Class body should span 500 lines or less excluding comments and whitespace: currently spans 624 lines (type_body_length)
2025-12-20T04:40:21.3335690Z Linting 'StatisticsKernel.swift' (24/148)
2025-12-20T04:40:21.3336680Z ##[warning]Variable name 'K' should be between 2 and 50 characters long (identifier_name)
2025-12-20T04:40:21.3338020Z ##[warning]Variable name 'Q' should be between 2 and 50 characters long (identifier_name)
2025-12-20T04:40:21.3339460Z ##[warning]Variable name 'Q' should be between 2 and 50 characters long (identifier_name)
2025-12-20T04:40:21.3340740Z ##[warning]Variable name 'K' should be between 2 and 50 characters long (identifier_name)
2025-12-20T04:40:21.3341360Z Linting 'DotProductKernel.swift' (25/148)
2025-12-20T04:40:21.3342080Z ##[warning]Unused parameter in a closure should be replaced with _ (unused_closure_parameter)
2025-12-20T04:40:21.3342720Z Linting 'JaccardDistanceKernel.swift' (26/148)
2025-12-20T04:40:21.3342970Z Linting 'L2NormalizationKernel.swift' (27/148)
2025-12-20T04:40:21.3343740Z ##[warning]Optional should be implicitly initialized without nil (implicit_optional_initialization)
2025-12-20T04:40:21.3344920Z ##[warning]Optional should be implicitly initialized without nil (implicit_optional_initialization)
2025-12-20T04:40:21.3345580Z Linting 'ParallelReductionKernel.swift' (28/148)
2025-12-20T04:40:21.3346260Z ##[warning]Variable name 'r' should be between 2 and 50 characters long (identifier_name)
2025-12-20T04:40:21.3347320Z ##[warning]Variable name 'c' should be between 2 and 50 characters long (identifier_name)
2025-12-20T04:40:21.3348370Z ##[warning]Variable name 'r' should be between 2 and 50 characters long (identifier_name)
2025-12-20T04:40:21.3349420Z ##[warning]Variable name 'r' should be between 2 and 50 characters long (identifier_name)
2025-12-20T04:40:21.3350460Z ##[warning]Variable name 'c' should be between 2 and 50 characters long (identifier_name)
2025-12-20T04:40:21.3351090Z Linting 'AdaptiveThresholds.swift' (29/148)
2025-12-20T04:40:21.3380530Z Linting 'PerformanceMonitor.swift' (30/148)
2025-12-20T04:40:21.3460410Z ##[warning]Files should have a single trailing newline (trailing_newline)
2025-12-20T04:40:21.3461500Z Linting 'AccelerationConfiguration.swift' (31/148)
2025-12-20T04:40:21.3486850Z ##[warning]Optional should be implicitly initialized without nil (implicit_optional_initialization)
2025-12-20T04:40:21.3528820Z ##[warning]Optional should be implicitly initialized without nil (implicit_optional_initialization)
2025-12-20T04:40:21.3530120Z Linting 'FallbackProvider.swift' (32/148)
2025-12-20T04:40:21.3553290Z ##[warning]Implicitly unwrapped optionals should be avoided when possible (implicitly_unwrapped_optional)
2025-12-20T04:40:21.3556810Z Linting 'ResidencyManager.swift' (33/148)
2025-12-20T04:40:21.3573620Z ##[warning]Files should have a single trailing newline (trailing_newline)
2025-12-20T04:40:21.3585560Z Linting 'MetalDevice.swift' (34/148)
2025-12-20T04:40:21.3808110Z Linting 'MetalTypes.swift' (35/148)
2025-12-20T04:40:21.3809290Z Linting 'WarmupManager.swift' (36/148)
2025-12-20T04:40:21.3849020Z Linting 'Metal4Context.swift' (37/148)
2025-12-20T04:40:21.3965570Z ##[warning]Force unwrapping should be avoided (force_unwrapping)
2025-12-20T04:40:21.4067820Z ##[warning]Force unwrapping should be avoided (force_unwrapping)
2025-12-20T04:40:21.4098120Z Linting 'PipelineRegistry.swift' (38/148)
2025-12-20T04:40:21.4099400Z ##[warning]Collection literals should not have trailing commas (trailing_comma)
2025-12-20T04:40:21.4108190Z ##[warning]Collection literals should not have trailing commas (trailing_comma)
2025-12-20T04:40:21.4109490Z ##[warning]Collection literals should not have trailing commas (trailing_comma)
2025-12-20T04:40:21.4110660Z ##[warning]Collection literals should not have trailing commas (trailing_comma)
2025-12-20T04:40:21.4111770Z ##[warning]Collection literals should not have trailing commas (trailing_comma)
2025-12-20T04:40:21.4112870Z ##[warning]Collection literals should not have trailing commas (trailing_comma)
2025-12-20T04:40:21.4113560Z Linting 'MetalSubsystemConfiguration.swift' (39/148)
2025-12-20T04:40:21.4141170Z Linting 'Logger.swift' (40/148)
2025-12-20T04:40:21.4142180Z ##[warning]Avoid print() in production code. Use Logger instead. (no_print_in_production)
2025-12-20T04:40:21.4150870Z Linting 'AccelerationError.swift' (41/148)
2025-12-20T04:40:21.4185000Z Linting 'BufferPool.swift' (42/148)
2025-12-20T04:40:21.4278900Z ##[warning]Files should have a single trailing newline (trailing_newline)
2025-12-20T04:40:21.4282060Z Linting 'Metal4Error.swift' (43/148)
2025-12-20T04:40:21.4348070Z ##[warning]Force unwrapping should be avoided (force_unwrapping)
2025-12-20T04:40:21.4450360Z ##[warning]Force unwrapping should be avoided (force_unwrapping)
2025-12-20T04:40:21.4456540Z ##[error]Function name 'VectorLog(_:level:category:file:function:line:)' should start with a lowercase character (identifier_name)
2025-12-20T04:40:21.4457970Z ##[error]Function name 'VectorLogDebug(_:category:file:function:line:)' should start with a lowercase character (identifier_name)
2025-12-20T04:40:21.4459380Z ##[error]Function name 'VectorLogError(_:category:file:function:line:)' should start with a lowercase character (identifier_name)
2025-12-20T04:40:21.4460560Z ##[warning]Files should have a single trailing newline (trailing_newline)
2025-12-20T04:40:21.4461280Z Linting 'Metal4Capabilities.swift' (44/148)
2025-12-20T04:40:21.4461520Z Linting 'PipelineHarvester.swift' (45/148)
2025-12-20T04:40:21.4484560Z Linting 'MetalBufferFactory.swift' (46/148)
2025-12-20T04:40:21.4511820Z ##[warning]`where` clauses are preferred over a single `if` inside a `for` (for_where)
2025-12-20T04:40:21.4526750Z ##[warning]`where` clauses are preferred over a single `if` inside a `for` (for_where)
2025-12-20T04:40:21.4528030Z ##[warning]Force unwrapping should be avoided (force_unwrapping)
2025-12-20T04:40:21.4529070Z ##[warning]Force unwrapping should be avoided (force_unwrapping)
2025-12-20T04:40:21.4530080Z ##[warning]Force unwrapping should be avoided (force_unwrapping)
2025-12-20T04:40:21.4531070Z ##[warning]Force unwrapping should be avoided (force_unwrapping)
2025-12-20T04:40:21.4532130Z ##[warning]Collection literals should not have trailing commas (trailing_comma)
2025-12-20T04:40:21.4532840Z Linting 'Metal4ComputeEngine.swift' (47/148)
2025-12-20T04:40:21.4670500Z ##[warning]Force unwrapping should be avoided (force_unwrapping)
2025-12-20T04:40:21.4675820Z ##[warning]`where` clauses are preferred over a single `if` inside a `for` (for_where)
2025-12-20T04:40:21.4677930Z ##[warning]Force unwrapping should be avoided (force_unwrapping)
2025-12-20T04:40:21.4680180Z Linting 'ConcurrencyShims.swift' (48/148)
2025-12-20T04:40:21.4680650Z Linting 'LearnedDistanceService.swift' (49/148)
2025-12-20T04:40:21.4758050Z ##[warning]Files should have a single trailing newline (trailing_newline)
2025-12-20T04:40:21.4759080Z Linting 'PipelineCacheKey.swift' (50/148)
2025-12-20T04:40:21.4885690Z ##[warning]Avoid print() in production code. Use Logger instead. (no_print_in_production)
2025-12-20T04:40:21.4887080Z ##[warning]Avoid print() in production code. Use Logger instead. (no_print_in_production)
2025-12-20T04:40:21.4887750Z Linting 'PipelineCache.swift' (51/148)
2025-12-20T04:40:21.4912280Z ##[warning]Collection literals should not have trailing commas (trailing_comma)
2025-12-20T04:40:21.4913640Z ##[warning]Collection literals should not have trailing commas (trailing_comma)
2025-12-20T04:40:21.4914410Z Linting 'BinaryArchiveManager.swift' (52/148)
2025-12-20T04:40:21.5055430Z ##[warning]Variable name 'p' should be between 2 and 50 characters long (identifier_name)
2025-12-20T04:40:21.5066490Z ##[warning]Unused parameter in a closure should be replaced with _ (unused_closure_parameter)
2025-12-20T04:40:21.5092900Z ##[warning]Unused parameter in a closure should be replaced with _ (unused_closure_parameter)
2025-12-20T04:40:21.5094370Z ##[warning]Unused parameter in a closure should be replaced with _ (unused_closure_parameter)
2025-12-20T04:40:21.5095960Z ##[warning]Unused parameter in a closure should be replaced with _ (unused_closure_parameter)
2025-12-20T04:40:21.5097270Z ##[warning]Unused parameter in a closure should be replaced with _ (unused_closure_parameter)
2025-12-20T04:40:21.5098490Z ##[warning]Unused parameter in a closure should be replaced with _ (unused_closure_parameter)
2025-12-20T04:40:21.5099630Z ##[warning]Unused parameter in a closure should be replaced with _ (unused_closure_parameter)
2025-12-20T04:40:21.5101090Z ##[warning]Unused parameter in a closure should be replaced with _ (unused_closure_parameter)
2025-12-20T04:40:21.5102250Z ##[warning]Unused parameter in a closure should be replaced with _ (unused_closure_parameter)
2025-12-20T04:40:21.5103360Z ##[warning]Unused parameter in a closure should be replaced with _ (unused_closure_parameter)
2025-12-20T04:40:21.5117730Z ##[warning]Unused parameter in a closure should be replaced with _ (unused_closure_parameter)
2025-12-20T04:40:21.5120750Z Linting 'KernelContext.swift' (53/148)
2025-12-20T04:40:21.5121380Z ##[warning]Force unwrapping should be avoided (force_unwrapping)
2025-12-20T04:40:21.5122310Z ##[warning]Force unwrapping should be avoided (force_unwrapping)
2025-12-20T04:40:21.5123240Z ##[warning]Force unwrapping should be avoided (force_unwrapping)
2025-12-20T04:40:21.5123810Z Linting 'BarrierHelper.swift' (54/148)
2025-12-20T04:40:21.5124020Z Linting 'ArgumentTablePool.swift' (55/148)
2025-12-20T04:40:21.5223140Z ##[warning]Avoid print() in production code. Use Logger instead. (no_print_in_production)
2025-12-20T04:40:21.5303350Z ##[warning]Force unwrapping should be avoided (force_unwrapping)
2025-12-20T04:40:21.5304880Z ##[warning]Force unwrapping should be avoided (force_unwrapping)
2025-12-20T04:40:21.5306270Z ##[warning]Function body should span 100 lines or less excluding comments and whitespace: currently spans 102 lines (function_body_length)
2025-12-20T04:40:21.5307120Z Linting 'Metal4ShaderCompiler.swift' (56/148)
2025-12-20T04:40:21.5307560Z Linting 'TensorManager.swift' (57/148)
2025-12-20T04:40:21.5307770Z Linting 'MetalSubsystem.swift' (58/148)
2025-12-20T04:40:21.5525850Z Linting 'SharedMetalConfiguration.swift' (59/148)
2025-12-20T04:40:21.5557600Z Linting 'VectorError+GPU.swift' (60/148)
2025-12-20T04:40:21.5608340Z Linting 'ArchivePipelineCache.swift' (61/148)
2025-12-20T04:40:21.5609450Z ##[warning]Force unwrapping should be avoided (force_unwrapping)
2025-12-20T04:40:21.5610890Z ##[warning]Force unwrapping should be avoided (force_unwrapping)
2025-12-20T04:40:21.5611570Z Linting 'Types.swift' (62/148)
2025-12-20T04:40:21.5755290Z ##[warning]Line should be 150 characters or less; currently it has 169 characters (line_length)
2025-12-20T04:40:21.5782290Z Linting 'ThermalStateMonitor.swift' (63/148)
2025-12-20T04:40:21.5812120Z Linting 'KernelDistanceProviders.swift' (64/148)
2025-12-20T04:40:21.5834680Z ##[warning]Closure parameters should be on the same line as opening brace (closure_parameter_position)
2025-12-20T04:40:21.5836150Z ##[warning]`where` clauses are preferred over a single `if` inside a `for` (for_where)
2025-12-20T04:40:21.5836870Z Linting 'VectorCoreIntegration.swift' (65/148)
2025-12-20T04:40:21.5866710Z ##[warning]Files should have a single trailing newline (trailing_newline)
2025-12-20T04:40:21.5867450Z Linting 'MatrixEngine.swift' (66/148)
2025-12-20T04:40:21.6138940Z ##[warning]Force unwrapping should be avoided (force_unwrapping)
2025-12-20T04:40:21.6140650Z ##[warning]Force unwrapping should be avoided (force_unwrapping)
2025-12-20T04:40:21.6142360Z ##[warning]Force unwrapping should be avoided (force_unwrapping)
2025-12-20T04:40:21.6143450Z ##[warning]Force unwrapping should be avoided (force_unwrapping)
2025-12-20T04:40:21.6144420Z ##[warning]Force unwrapping should be avoided (force_unwrapping)
2025-12-20T04:40:21.6145350Z ##[warning]Force unwrapping should be avoided (force_unwrapping)
2025-12-20T04:40:21.6146280Z ##[warning]Force unwrapping should be avoided (force_unwrapping)
2025-12-20T04:40:21.6147200Z ##[warning]Force unwrapping should be avoided (force_unwrapping)
2025-12-20T04:40:21.6147870Z Linting 'MemoryMapManager.swift' (67/148)
2025-12-20T04:40:21.6191210Z ##[warning]Variable name 'p' should be between 2 and 50 characters long (identifier_name)
2025-12-20T04:40:21.6192940Z ##[warning]Variable name 'p' should be between 2 and 50 characters long (identifier_name)
2025-12-20T04:40:21.6193710Z Linting 'AccelerateFallback.swift' (68/148)
2025-12-20T04:40:21.6289870Z ##[warning]Function should have complexity 15 or less; currently complexity is 18 (cyclomatic_complexity)
2025-12-20T04:40:21.6291510Z ##[warning]Unused parameter in a closure should be replaced with _ (unused_closure_parameter)
2025-12-20T04:40:21.6292760Z ##[warning]Unused parameter in a closure should be replaced with _ (unused_closure_parameter)
2025-12-20T04:40:21.6293650Z Linting 'BatchProcessor.swift' (69/148)
2025-12-20T04:40:21.6410130Z ##[warning]Variable name 's' should be between 2 and 50 characters long (identifier_name)
2025-12-20T04:40:21.6411510Z ##[warning]Files should have a single trailing newline (trailing_newline)
2025-12-20T04:40:21.6412210Z Linting 'SIMDFallback.swift' (70/148)
2025-12-20T04:40:21.6532820Z ##[warning]Force unwrapping should be avoided (force_unwrapping)
2025-12-20T04:40:21.6534540Z ##[warning]Variable name 'e' should be between 2 and 50 characters long (identifier_name)
2025-12-20T04:40:21.6535880Z ##[warning]Prefer `_ = foo()` over `let _ = foo()` when discarding a result from a function (redundant_discardable_let)
2025-12-20T04:40:21.6536660Z Linting 'SIMDOptimizer.swift' (71/148)
2025-12-20T04:40:21.6550100Z ##[warning]Files should have a single trailing newline (trailing_newline)
2025-12-20T04:40:21.6550930Z Linting 'BatchDistanceOperations.swift' (72/148)
2025-12-20T04:40:21.6691930Z ##[warning]Force unwrapping should be avoided (force_unwrapping)
2025-12-20T04:40:21.6693320Z ##[warning]Force unwrapping should be avoided (force_unwrapping)
2025-12-20T04:40:21.6694360Z ##[warning]Force unwrapping should be avoided (force_unwrapping)
2025-12-20T04:40:21.6695470Z ##[warning]Files should have a single trailing newline (trailing_newline)
2025-12-20T04:40:21.6754140Z Linting 'QuantizationEngine.swift' (73/148)
2025-12-20T04:40:21.6805240Z ##[warning]Force unwrapping should be avoided (force_unwrapping)
2025-12-20T04:40:21.6806680Z ##[warning]Collection literals should not have trailing commas (trailing_comma)
2025-12-20T04:40:21.6807910Z ##[warning]Files should have a single trailing newline (trailing_newline)
2025-12-20T04:40:21.6837850Z Linting 'KMeansPipeline.swift' (74/148)
2025-12-20T04:40:21.6871480Z ##[warning]Unused parameter in a closure should be replaced with _ (unused_closure_parameter)
2025-12-20T04:40:21.6974160Z ##[warning]Unused parameter in a closure should be replaced with _ (unused_closure_parameter)
2025-12-20T04:40:21.6979650Z ##[warning]Unused parameter in a closure should be replaced with _ (unused_closure_parameter)
2025-12-20T04:40:21.6980830Z ##[warning]Unused parameter in a closure should be replaced with _ (unused_closure_parameter)
2025-12-20T04:40:21.6981500Z Linting 'ClusteringKernels.swift' (75/148)
2025-12-20T04:40:21.6982080Z ##[warning]Force unwrapping should be avoided (force_unwrapping)
2025-12-20T04:40:21.6983020Z ##[warning]Force unwrapping should be avoided (force_unwrapping)
2025-12-20T04:40:21.6983950Z ##[warning]Force unwrapping should be avoided (force_unwrapping)
2025-12-20T04:40:21.6984880Z ##[warning]Force unwrapping should be avoided (force_unwrapping)
2025-12-20T04:40:21.6985820Z ##[warning]Force unwrapping should be avoided (force_unwrapping)
2025-12-20T04:40:21.6987030Z ##[warning]Force unwrapping should be avoided (force_unwrapping)
2025-12-20T04:40:21.6987950Z ##[warning]Force unwrapping should be avoided (force_unwrapping)
2025-12-20T04:40:21.6988880Z ##[warning]Force unwrapping should be avoided (force_unwrapping)
2025-12-20T04:40:21.6989790Z ##[warning]Force unwrapping should be avoided (force_unwrapping)
2025-12-20T04:40:21.6990710Z ##[warning]Force unwrapping should be avoided (force_unwrapping)
2025-12-20T04:40:21.6991620Z ##[warning]Force unwrapping should be avoided (force_unwrapping)
2025-12-20T04:40:21.6992540Z ##[warning]Force unwrapping should be avoided (force_unwrapping)
2025-12-20T04:40:21.6993460Z ##[warning]Force unwrapping should be avoided (force_unwrapping)
2025-12-20T04:40:21.6994370Z ##[warning]Force unwrapping should be avoided (force_unwrapping)
2025-12-20T04:40:21.6995790Z ##[warning]Function body should span 100 lines or less excluding comments and whitespace: currently spans 142 lines (function_body_length)
2025-12-20T04:40:21.6997230Z ##[warning]Function body should span 100 lines or less excluding comments and whitespace: currently spans 110 lines (function_body_length)
2025-12-20T04:40:21.6997970Z Linting 'KMeansUpdateKernel.swift' (76/148)
2025-12-20T04:40:21.7036500Z ##[warning]Variable name 'd' should be between 2 and 50 characters long (identifier_name)
2025-12-20T04:40:21.7037560Z Linting 'KMeansAssignKernel.swift' (77/148)
2025-12-20T04:40:21.7104970Z ##[warning]Function should have complexity 15 or less; currently complexity is 20 (cyclomatic_complexity)
2025-12-20T04:40:21.7106760Z ##[warning]`where` clauses are preferred over a single `if` inside a `for` (for_where)
2025-12-20T04:40:21.7107920Z ##[warning]Force unwrapping should be avoided (force_unwrapping)
2025-12-20T04:40:21.7109040Z ##[warning]Force unwrapping should be avoided (force_unwrapping)
2025-12-20T04:40:21.7110050Z ##[warning]Force unwrapping should be avoided (force_unwrapping)
2025-12-20T04:40:21.7111050Z ##[warning]Force unwrapping should be avoided (force_unwrapping)
2025-12-20T04:40:21.7112010Z ##[warning]Force unwrapping should be avoided (force_unwrapping)
2025-12-20T04:40:21.7113000Z ##[warning]Force unwrapping should be avoided (force_unwrapping)
2025-12-20T04:40:21.7125360Z ##[warning]Files should have a single trailing newline (trailing_newline)
2025-12-20T04:40:21.7126040Z Linting 'KMeansPlusPlusKernel.swift' (78/148)
2025-12-20T04:40:21.7216770Z ##[warning]`where` clauses are preferred over a single `if` inside a `for` (for_where)
2025-12-20T04:40:21.7218510Z ##[warning]`where` clauses are preferred over a single `if` inside a `for` (for_where)
2025-12-20T04:40:21.7232520Z ##[warning]`where` clauses are preferred over a single `if` inside a `for` (for_where)
2025-12-20T04:40:21.7233760Z ##[warning]`where` clauses are preferred over a single `if` inside a `for` (for_where)
2025-12-20T04:40:21.7235040Z ##[warning]Variable name 'd' should be between 2 and 50 characters long (identifier_name)
2025-12-20T04:40:21.7236310Z ##[warning]Variable name 'd' should be between 2 and 50 characters long (identifier_name)
2025-12-20T04:40:21.7237460Z ##[warning]Variable name 'd' should be between 2 and 50 characters long (identifier_name)
2025-12-20T04:40:21.7238590Z ##[warning]Variable name 'd' should be between 2 and 50 characters long (identifier_name)
2025-12-20T04:40:21.7239710Z ##[warning]Variable name 'd' should be between 2 and 50 characters long (identifier_name)
2025-12-20T04:40:21.7240430Z Linting 'KMeansConvergenceKernel.swift' (79/148)
2025-12-20T04:40:21.7241240Z ##[warning]Force unwrapping should be avoided (force_unwrapping)
2025-12-20T04:40:21.7241920Z Linting 'IVFIndirectionDistanceKernel.swift' (80/148)
2025-12-20T04:40:21.7250590Z ##[warning]`where` clauses are preferred over a single `if` inside a `for` (for_where)
2025-12-20T04:40:21.7255300Z ##[warning]`where` clauses are preferred over a single `if` inside a `for` (for_where)
2025-12-20T04:40:21.7256510Z ##[warning]Variable name 'd' should be between 2 and 50 characters long (identifier_name)
2025-12-20T04:40:21.7257940Z ##[warning]Variable name 'd' should be between 2 and 50 characters long (identifier_name)
2025-12-20T04:40:21.7259010Z ##[warning]Variable name 'd' should be between 2 and 50 characters long (identifier_name)
2025-12-20T04:40:21.7259650Z Linting 'IVFListSearchKernel.swift' (81/148)
2025-12-20T04:40:21.7292370Z ##[warning]Variable name 'd' should be between 2 and 50 characters long (identifier_name)
2025-12-20T04:40:21.7293290Z Linting 'IVFKernels.swift' (82/148)
2025-12-20T04:40:21.7322200Z ##[warning]Function should have 8 parameters or less: it currently has 9 (function_parameter_count)
2025-12-20T04:40:21.7329560Z Linting 'IVFSearchPipeline.swift' (83/148)
2025-12-20T04:40:21.7440900Z Linting 'IVFGPUCandidateBuilderKernel.swift' (84/148)
2025-12-20T04:40:21.7505240Z Linting 'IVFCoarseQuantizerKernel.swift' (85/148)
2025-12-20T04:40:21.7626730Z ##[warning]Force unwrapping should be avoided (force_unwrapping)
2025-12-20T04:40:21.7628860Z ##[warning]Function should have 8 parameters or less: it currently has 9 (function_parameter_count)
2025-12-20T04:40:21.7670930Z Linting 'SearchResult.swift' (86/148)
2025-12-20T04:40:21.7671460Z Linting 'VectorHandle.swift' (87/148)
2025-12-20T04:40:21.7699830Z ##[warning]Avoid print() in production code. Use Logger instead. (no_print_in_production)
2025-12-20T04:40:21.7701390Z ##[warning]Avoid print() in production code. Use Logger instead. (no_print_in_production)
2025-12-20T04:40:21.7702570Z ##[warning]Avoid print() in production code. Use Logger instead. (no_print_in_production)
2025-12-20T04:40:21.7703670Z ##[warning]Avoid print() in production code. Use Logger instead. (no_print_in_production)
2025-12-20T04:40:21.7704740Z ##[warning]Avoid print() in production code. Use Logger instead. (no_print_in_production)
2025-12-20T04:40:21.7705810Z ##[warning]Avoid print() in production code. Use Logger instead. (no_print_in_production)
2025-12-20T04:40:21.7706890Z ##[warning]Avoid print() in production code. Use Logger instead. (no_print_in_production)
2025-12-20T04:40:21.7707970Z ##[warning]Avoid print() in production code. Use Logger instead. (no_print_in_production)
2025-12-20T04:40:21.7709020Z ##[warning]Avoid print() in production code. Use Logger instead. (no_print_in_production)
2025-12-20T04:40:21.7710080Z ##[warning]Avoid print() in production code. Use Logger instead. (no_print_in_production)
2025-12-20T04:40:21.7711120Z ##[warning]Avoid print() in production code. Use Logger instead. (no_print_in_production)
2025-12-20T04:40:21.7712180Z ##[warning]Avoid print() in production code. Use Logger instead. (no_print_in_production)
2025-12-20T04:40:21.7713240Z ##[warning]Avoid print() in production code. Use Logger instead. (no_print_in_production)
2025-12-20T04:40:21.7714300Z ##[warning]Avoid print() in production code. Use Logger instead. (no_print_in_production)
2025-12-20T04:40:21.7715360Z ##[warning]Avoid print() in production code. Use Logger instead. (no_print_in_production)
2025-12-20T04:40:21.7716420Z ##[warning]Avoid print() in production code. Use Logger instead. (no_print_in_production)
2025-12-20T04:40:21.7717480Z ##[warning]Avoid print() in production code. Use Logger instead. (no_print_in_production)
2025-12-20T04:40:21.7718540Z ##[warning]Avoid print() in production code. Use Logger instead. (no_print_in_production)
2025-12-20T04:40:21.7719600Z ##[warning]Avoid print() in production code. Use Logger instead. (no_print_in_production)
2025-12-20T04:40:21.7720750Z ##[error]Function should have complexity 15 or less; currently complexity is 37 (cyclomatic_complexity)
2025-12-20T04:40:21.7722020Z ##[warning]`where` clauses are preferred over a single `if` inside a `for` (for_where)
2025-12-20T04:40:21.7723090Z ##[warning]`where` clauses are preferred over a single `if` inside a `for` (for_where)
2025-12-20T04:40:21.7724390Z ##[warning]Function body should span 100 lines or less excluding comments and whitespace: currently spans 266 lines (function_body_length)
2025-12-20T04:40:21.7726080Z ##[warning]Variable name 'c' should be between 2 and 50 characters long (identifier_name)
2025-12-20T04:40:21.7727120Z ##[warning]Variable name 'c' should be between 2 and 50 characters long (identifier_name)
2025-12-20T04:40:21.7728180Z ##[warning]Variable name 'd' should be between 2 and 50 characters long (identifier_name)
2025-12-20T04:40:21.7729220Z ##[warning]Variable name 'd' should be between 2 and 50 characters long (identifier_name)
2025-12-20T04:40:21.7730270Z ##[warning]Variable name 'd' should be between 2 and 50 characters long (identifier_name)
2025-12-20T04:40:21.7731320Z ##[warning]Variable name 'd' should be between 2 and 50 characters long (identifier_name)
2025-12-20T04:40:21.7732380Z ##[warning]Variable name 'd' should be between 2 and 50 characters long (identifier_name)
2025-12-20T04:40:21.7733440Z ##[warning]Variable name 'p' should be between 2 and 50 characters long (identifier_name)
2025-12-20T04:40:21.7734810Z ##[warning]Variable name 'p' should be between 2 and 50 characters long (identifier_name)
2025-12-20T04:40:21.7735520Z Linting 'GPUIndexStats.swift' (88/148)
2025-12-20T04:40:21.7745560Z Linting 'IndexConfiguration.swift' (89/148)
2025-12-20T04:40:21.7754130Z ##[warning]Force unwrapping should be avoided (force_unwrapping)
2025-12-20T04:40:21.7755500Z ##[warning]Force unwrapping should be avoided (force_unwrapping)
2025-12-20T04:40:21.7756490Z ##[warning]Prefer `!= nil` over `let _ =` (unused_optional_binding)
2025-12-20T04:40:21.7757080Z Linting 'IndexError.swift' (90/148)
2025-12-20T04:40:21.7811760Z Linting 'IndexAccelerationConfiguration.swift' (91/148)
2025-12-20T04:40:21.7853550Z Linting 'AcceleratedVectorIndex.swift' (92/148)
2025-12-20T04:40:21.7890190Z Linting 'DeletionMask.swift' (93/148)
2025-12-20T04:40:21.7925660Z ##[warning]Arguments can be omitted when matching enums with associated values if they are not used (empty_enum_arguments)
2025-12-20T04:40:21.7941520Z Linting 'GPUVectorStorage.swift' (94/148)
2025-12-20T04:40:21.8072160Z ##[warning]`where` clauses are preferred over a single `if` inside a `for` (for_where)
2025-12-20T04:40:21.8128690Z ##[warning]`where` clauses are preferred over a single `if` inside a `for` (for_where)
2025-12-20T04:40:21.8130210Z ##[warning]`where` clauses are preferred over a single `if` inside a `for` (for_where)
2025-12-20T04:40:21.8130960Z Linting 'MetadataStore.swift' (95/148)
2025-12-20T04:40:21.8131880Z ##[warning]`where` clauses are preferred over a single `if` inside a `for` (for_where)
2025-12-20T04:40:21.8133040Z ##[warning]`where` clauses are preferred over a single `if` inside a `for` (for_where)
2025-12-20T04:40:21.8134180Z ##[warning]`where` clauses are preferred over a single `if` inside a `for` (for_where)
2025-12-20T04:40:21.8162400Z ##[warning]Force unwrapping should be avoided (force_unwrapping)
2025-12-20T04:40:21.8163930Z ##[warning]Force unwrapping should be avoided (force_unwrapping)
2025-12-20T04:40:21.8164650Z Linting 'IVFStructure.swift' (96/148)
2025-12-20T04:40:21.8165030Z Linting 'HandleAllocator.swift' (97/148)
2025-12-20T04:40:21.8278880Z Linting 'IVFQuantizedStorage.swift' (98/148)
2025-12-20T04:40:21.8359990Z ##[warning]File should contain 600 lines or less excluding comments and whitespaces: currently contains 646 (file_length)
2025-12-20T04:40:21.8362700Z ##[warning]Actor body should span 500 lines or less excluding comments and whitespace: currently spans 614 lines (type_body_length)
2025-12-20T04:40:21.8363640Z Linting 'IndexBenchmarkHarness.swift' (99/148)
2025-12-20T04:40:21.8364080Z Linting 'BenchmarkFramework.swift' (100/148)
2025-12-20T04:40:21.8549350Z ##[warning]Variable name 'd' should be between 2 and 50 characters long (identifier_name)
2025-12-20T04:40:21.8552580Z ##[warning]Variable name 'd' should be between 2 and 50 characters long (identifier_name)
2025-12-20T04:40:21.8654630Z ##[warning]Variable name 'd' should be between 2 and 50 characters long (identifier_name)
2025-12-20T04:40:21.8742020Z ##[warning]Variable name 'd' should be between 2 and 50 characters long (identifier_name)
2025-12-20T04:40:21.8744160Z ##[warning]Variable name 'd' should be between 2 and 50 characters long (identifier_name)
2025-12-20T04:40:21.8745400Z ##[warning]Variable name 'd' should be between 2 and 50 characters long (identifier_name)
2025-12-20T04:40:21.8746760Z ##[warning]Variable name 'd' should be between 2 and 50 characters long (identifier_name)
2025-12-20T04:40:21.8748130Z ##[warning]Optional should be implicitly initialized without nil (implicit_optional_initialization)
2025-12-20T04:40:21.8749430Z ##[warning]Optional should be implicitly initialized without nil (implicit_optional_initialization)
2025-12-20T04:40:21.8762490Z Linting 'VectorAccelerate.swift' (101/148)
2025-12-20T04:40:21.8763460Z ##[warning]Colons should be next to the identifier when specifying a type and next to the key in dictionary literals (colon)
2025-12-20T04:40:21.8764270Z Linting 'VectorIndexAccelerationTests.swift' (102/148)
2025-12-20T04:40:21.8765520Z ##[warning]Variable name 'p' should be between 2 and 50 characters long (identifier_name)
2025-12-20T04:40:21.8766220Z Linting 'ThermalStateMonitorTests.swift' (103/148)
2025-12-20T04:40:21.8766480Z Linting 'IVFQualityAssessmentTests.swift' (104/148)
2025-12-20T04:40:21.8826670Z ##[warning]Imports should be unique (duplicate_imports)
2025-12-20T04:40:21.8835450Z ##[warning]Force unwrapping should be avoided (force_unwrapping)
2025-12-20T04:40:21.8836260Z Linting 'IVFKernelTests.swift' (105/148)
2025-12-20T04:40:21.8862180Z Linting 'GPUCandidateBuilderValidationTests.swift' (106/148)
2025-12-20T04:40:21.9082860Z ##[warning]Collection literals should not have trailing commas (trailing_comma)
2025-12-20T04:40:21.9084490Z ##[warning]Collection literals should not have trailing commas (trailing_comma)
2025-12-20T04:40:21.9085280Z Linting 'Metal4ShaderCompilationTests.swift' (107/148)
2025-12-20T04:40:21.9144260Z ##[warning]Force unwrapping should be avoided (force_unwrapping)
2025-12-20T04:40:21.9148510Z ##[warning]Force unwrapping should be avoided (force_unwrapping)
2025-12-20T04:40:21.9149880Z ##[warning]Implicitly unwrapped optionals should be avoided when possible (implicitly_unwrapped_optional)
2025-12-20T04:40:21.9151010Z ##[warning]Collection literals should not have trailing commas (trailing_comma)
2025-12-20T04:40:21.9151700Z Linting 'MetalSubsystemTests.swift' (108/148)
2025-12-20T04:40:21.9158050Z ##[warning]Imports should be unique (duplicate_imports)
2025-12-20T04:40:21.9179140Z ##[warning]Implicitly unwrapped optionals should be avoided when possible (implicitly_unwrapped_optional)
2025-12-20T04:40:21.9180710Z ##[warning]Implicitly unwrapped optionals should be avoided when possible (implicitly_unwrapped_optional)
2025-12-20T04:40:21.9182060Z ##[warning]Implicitly unwrapped optionals should be avoided when possible (implicitly_unwrapped_optional)
2025-12-20T04:40:21.9183290Z ##[warning]Prefer using `type.random(in:)` over legacy functions (legacy_random)
2025-12-20T04:40:21.9184410Z ##[warning]Prefer using `type.random(in:)` over legacy functions (legacy_random)
2025-12-20T04:40:21.9185130Z Linting 'MatrixEngineEnhancedTests.swift' (109/148)
2025-12-20T04:40:21.9342480Z ##[warning]Force unwrapping should be avoided (force_unwrapping)
2025-12-20T04:40:21.9344030Z ##[warning]Prefer `_ = foo()` over `let _ = foo()` when discarding a result from a function (redundant_discardable_let)
2025-12-20T04:40:21.9345300Z ##[warning]Prefer `_ = foo()` over `let _ = foo()` when discarding a result from a function (redundant_discardable_let)
2025-12-20T04:40:21.9346520Z ##[warning]Prefer `_ = foo()` over `let _ = foo()` when discarding a result from a function (redundant_discardable_let)
2025-12-20T04:40:21.9347770Z ##[warning]Prefer `_ = foo()` over `let _ = foo()` when discarding a result from a function (redundant_discardable_let)
2025-12-20T04:40:21.9348470Z Linting 'NeuralQuantizationTests.swift' (110/148)
2025-12-20T04:40:21.9511890Z ##[warning]File should contain 600 lines or less excluding comments and whitespaces: currently contains 823 (file_length)
2025-12-20T04:40:21.9553050Z ##[warning]Implicitly unwrapped optionals should be avoided when possible (implicitly_unwrapped_optional)
2025-12-20T04:40:21.9621530Z ##[warning]Implicitly unwrapped optionals should be avoided when possible (implicitly_unwrapped_optional)
2025-12-20T04:40:21.9691200Z ##[warning]Implicitly unwrapped optionals should be avoided when possible (implicitly_unwrapped_optional)
2025-12-20T04:40:21.9729340Z ##[warning]Implicitly unwrapped optionals should be avoided when possible (implicitly_unwrapped_optional)
2025-12-20T04:40:21.9731040Z ##[warning]Implicitly unwrapped optionals should be avoided when possible (implicitly_unwrapped_optional)
2025-12-20T04:40:21.9732330Z ##[warning]Implicitly unwrapped optionals should be avoided when possible (implicitly_unwrapped_optional)
2025-12-20T04:40:21.9733610Z ##[warning]Implicitly unwrapped optionals should be avoided when possible (implicitly_unwrapped_optional)
2025-12-20T04:40:21.9735310Z ##[warning]Implicitly unwrapped optionals should be avoided when possible (implicitly_unwrapped_optional)
2025-12-20T04:40:21.9791460Z Linting 'WarmupManagerTests.swift' (111/148)
2025-12-20T04:40:21.9837220Z ##[warning]Implicitly unwrapped optionals should be avoided when possible (implicitly_unwrapped_optional)
2025-12-20T04:40:21.9938750Z Linting 'Priority2IntegrationTests.swift' (112/148)
2025-12-20T04:40:22.0028320Z ##[warning]Implicitly unwrapped optionals should be avoided when possible (implicitly_unwrapped_optional)
2025-12-20T04:40:22.0031130Z ##[warning]Implicitly unwrapped optionals should be avoided when possible (implicitly_unwrapped_optional)
2025-12-20T04:40:22.0032510Z ##[warning]Prefer `_ = foo()` over `let _ = foo()` when discarding a result from a function (redundant_discardable_let)
2025-12-20T04:40:22.0033810Z ##[warning]Prefer `_ = foo()` over `let _ = foo()` when discarding a result from a function (redundant_discardable_let)
2025-12-20T04:40:22.0047800Z ##[warning]Prefer `_ = foo()` over `let _ = foo()` when discarding a result from a function (redundant_discardable_let)
2025-12-20T04:40:22.0049040Z ##[warning]Collection literals should not have trailing commas (trailing_comma)
2025-12-20T04:40:22.0049740Z Linting 'HandleLifecycleTests.swift' (113/148)
2025-12-20T04:40:22.0065880Z ##[warning]File should contain 600 lines or less excluding comments and whitespaces: currently contains 681 (file_length)
2025-12-20T04:40:22.0103340Z ##[warning]Implicitly unwrapped optionals should be avoided when possible (implicitly_unwrapped_optional)
2025-12-20T04:40:22.0205460Z ##[warning]Collection literals should not have trailing commas (trailing_comma)
2025-12-20T04:40:22.0296280Z ##[warning]Collection literals should not have trailing commas (trailing_comma)
2025-12-20T04:40:22.0299290Z ##[warning]Collection literals should not have trailing commas (trailing_comma)
2025-12-20T04:40:22.0300430Z ##[warning]Collection literals should not have trailing commas (trailing_comma)
2025-12-20T04:40:22.0301550Z ##[warning]Collection literals should not have trailing commas (trailing_comma)
2025-12-20T04:40:22.0302660Z ##[warning]Collection literals should not have trailing commas (trailing_comma)
2025-12-20T04:40:22.0304230Z ##[warning]Collection literals should not have trailing commas (trailing_comma)
2025-12-20T04:40:22.0305400Z ##[warning]Collection literals should not have trailing commas (trailing_comma)
2025-12-20T04:40:22.0306490Z ##[warning]Collection literals should not have trailing commas (trailing_comma)
2025-12-20T04:40:22.0307580Z ##[warning]Collection literals should not have trailing commas (trailing_comma)
2025-12-20T04:40:22.0308650Z ##[warning]Collection literals should not have trailing commas (trailing_comma)
2025-12-20T04:40:22.0309990Z ##[warning]Class body should span 500 lines or less excluding comments and whitespace: currently spans 540 lines (type_body_length)
2025-12-20T04:40:22.0310780Z Linting 'Phase2Tests.swift' (114/148)
2025-12-20T04:40:22.0311430Z ##[warning]Imports should be unique (duplicate_imports)
2025-12-20T04:40:22.0312400Z ##[warning]Force unwrapping should be avoided (force_unwrapping)
2025-12-20T04:40:22.0313800Z ##[warning]Force unwrapping should be avoided (force_unwrapping)
2025-12-20T04:40:22.0314770Z ##[warning]Force unwrapping should be avoided (force_unwrapping)
2025-12-20T04:40:22.0315720Z ##[warning]Force unwrapping should be avoided (force_unwrapping)
2025-12-20T04:40:22.0316660Z ##[warning]Force unwrapping should be avoided (force_unwrapping)
2025-12-20T04:40:22.0317600Z ##[warning]Force unwrapping should be avoided (force_unwrapping)
2025-12-20T04:40:22.0318550Z ##[warning]Force unwrapping should be avoided (force_unwrapping)
2025-12-20T04:40:22.0319490Z ##[warning]Force unwrapping should be avoided (force_unwrapping)
2025-12-20T04:40:22.0320480Z ##[warning]Force unwrapping should be avoided (force_unwrapping)
2025-12-20T04:40:22.0321430Z ##[warning]Force unwrapping should be avoided (force_unwrapping)
2025-12-20T04:40:22.0322360Z ##[warning]Force unwrapping should be avoided (force_unwrapping)
2025-12-20T04:40:22.0323560Z ##[warning]Force unwrapping should be avoided (force_unwrapping)
2025-12-20T04:40:22.0334070Z ##[warning]Force unwrapping should be avoided (force_unwrapping)
2025-12-20T04:40:22.0362930Z ##[warning]Force unwrapping should be avoided (force_unwrapping)
2025-12-20T04:40:22.0364400Z ##[warning]Force unwrapping should be avoided (force_unwrapping)
2025-12-20T04:40:22.0365550Z ##[warning]Force unwrapping should be avoided (force_unwrapping)
2025-12-20T04:40:22.0366760Z ##[warning]Force unwrapping should be avoided (force_unwrapping)
2025-12-20T04:40:22.0367810Z ##[warning]Force unwrapping should be avoided (force_unwrapping)
2025-12-20T04:40:22.0368990Z ##[warning]Force unwrapping should be avoided (force_unwrapping)
2025-12-20T04:40:22.0370030Z ##[warning]Force unwrapping should be avoided (force_unwrapping)
2025-12-20T04:40:22.0371030Z ##[warning]Force unwrapping should be avoided (force_unwrapping)
2025-12-20T04:40:22.0372110Z ##[warning]Force unwrapping should be avoided (force_unwrapping)
2025-12-20T04:40:22.0373270Z ##[warning]Force unwrapping should be avoided (force_unwrapping)
2025-12-20T04:40:22.0389650Z ##[warning]Force unwrapping should be avoided (force_unwrapping)
2025-12-20T04:40:22.0390750Z ##[warning]Force unwrapping should be avoided (force_unwrapping)
2025-12-20T04:40:22.0391800Z ##[warning]Force unwrapping should be avoided (force_unwrapping)
2025-12-20T04:40:22.0392850Z ##[warning]Force unwrapping should be avoided (force_unwrapping)
2025-12-20T04:40:22.0394150Z ##[warning]Force unwrapping should be avoided (force_unwrapping)
2025-12-20T04:40:22.0395150Z ##[warning]Force unwrapping should be avoided (force_unwrapping)
2025-12-20T04:40:22.0396110Z ##[warning]Force unwrapping should be avoided (force_unwrapping)
2025-12-20T04:40:22.0397080Z ##[warning]Force unwrapping should be avoided (force_unwrapping)
2025-12-20T04:40:22.0398020Z ##[warning]Force unwrapping should be avoided (force_unwrapping)
2025-12-20T04:40:22.0398970Z ##[warning]Force unwrapping should be avoided (force_unwrapping)
2025-12-20T04:40:22.0399920Z ##[warning]Force unwrapping should be avoided (force_unwrapping)
2025-12-20T04:40:22.0401420Z ##[warning]Force unwrapping should be avoided (force_unwrapping)
2025-12-20T04:40:22.0402990Z ##[warning]Force unwrapping should be avoided (force_unwrapping)
2025-12-20T04:40:22.0404110Z ##[warning]Force unwrapping should be avoided (force_unwrapping)
2025-12-20T04:40:22.0405090Z ##[warning]Force unwrapping should be avoided (force_unwrapping)
2025-12-20T04:40:22.0406040Z ##[warning]Force unwrapping should be avoided (force_unwrapping)
2025-12-20T04:40:22.0406950Z ##[warning]Force unwrapping should be avoided (force_unwrapping)
2025-12-20T04:40:22.0407900Z ##[warning]Force unwrapping should be avoided (force_unwrapping)
2025-12-20T04:40:22.0408830Z ##[warning]Force unwrapping should be avoided (force_unwrapping)
2025-12-20T04:40:22.0409770Z ##[warning]Force unwrapping should be avoided (force_unwrapping)
2025-12-20T04:40:22.0410730Z ##[warning]Force unwrapping should be avoided (force_unwrapping)
2025-12-20T04:40:22.0412400Z ##[warning]Implicitly unwrapped optionals should be avoided when possible (implicitly_unwrapped_optional)
2025-12-20T04:40:22.0413650Z ##[warning]Implicitly unwrapped optionals should be avoided when possible (implicitly_unwrapped_optional)
2025-12-20T04:40:22.0414770Z ##[warning]Collection literals should not have trailing commas (trailing_comma)
2025-12-20T04:40:22.0415820Z ##[warning]Collection literals should not have trailing commas (trailing_comma)
2025-12-20T04:40:22.0416840Z ##[warning]Files should have a single trailing newline (trailing_newline)
2025-12-20T04:40:22.0418090Z ##[warning]Class body should span 500 lines or less excluding comments and whitespace: currently spans 568 lines (type_body_length)
2025-12-20T04:40:22.0419510Z ##[warning]Function parameters should be aligned vertically if they're in multiple lines in a declaration (vertical_parameter_alignment)
2025-12-20T04:40:22.0420300Z Linting 'ValidationEdgeCaseTests.swift' (115/148)
2025-12-20T04:40:22.0420810Z Linting 'IVFTests.swift' (116/148)
2025-12-20T04:40:22.0421620Z ##[warning]Implicitly unwrapped optionals should be avoided when possible (implicitly_unwrapped_optional)
2025-12-20T04:40:22.0422770Z ##[warning]Files should have a single trailing newline (trailing_newline)
2025-12-20T04:40:22.0423560Z Linting 'AttentionSimilarityTests.swift' (117/148)
2025-12-20T04:40:22.0424120Z ##[warning]Imports should be unique (duplicate_imports)
2025-12-20T04:40:22.0425050Z ##[warning]Force unwrapping should be avoided (force_unwrapping)
2025-12-20T04:40:22.0425990Z ##[warning]Force unwrapping should be avoided (force_unwrapping)
2025-12-20T04:40:22.0426930Z ##[warning]Force unwrapping should be avoided (force_unwrapping)
2025-12-20T04:40:22.0427860Z ##[warning]Force unwrapping should be avoided (force_unwrapping)
2025-12-20T04:40:22.0428870Z ##[warning]Collection literals should not have trailing commas (trailing_comma)
2025-12-20T04:40:22.0429930Z ##[warning]Collection literals should not have trailing commas (trailing_comma)
2025-12-20T04:40:22.0431020Z ##[warning]Collection literals should not have trailing commas (trailing_comma)
2025-12-20T04:40:22.0431740Z Linting 'MLIntegrationBenchmarkTests.swift' (118/148)
2025-12-20T04:40:22.0432570Z ##[warning]Implicitly unwrapped optionals should be avoided when possible (implicitly_unwrapped_optional)
2025-12-20T04:40:22.0433280Z Linting 'KernelTests.swift' (119/148)
2025-12-20T04:40:22.0469030Z ##[warning]Imports should be unique (duplicate_imports)
2025-12-20T04:40:22.0570800Z ##[warning]Collection literals should not have trailing commas (trailing_comma)
2025-12-20T04:40:22.0655940Z ##[warning]Collection literals should not have trailing commas (trailing_comma)
2025-12-20T04:40:22.0690880Z ##[warning]Collection literals should not have trailing commas (trailing_comma)
2025-12-20T04:40:22.0731710Z ##[warning]Collection literals should not have trailing commas (trailing_comma)
2025-12-20T04:40:22.0737570Z ##[warning]Collection literals should not have trailing commas (trailing_comma)
2025-12-20T04:40:22.0738780Z ##[warning]Collection literals should not have trailing commas (trailing_comma)
2025-12-20T04:40:22.0739500Z Linting 'KernelDistanceProviderTests.swift' (120/148)
2025-12-20T04:40:22.0740430Z ##[warning]Implicitly unwrapped optionals should be avoided when possible (implicitly_unwrapped_optional)
2025-12-20T04:40:22.0741190Z Linting 'QuantizationEngineTests.swift' (121/148)
2025-12-20T04:40:22.1249310Z ##[error]File should contain 1000 lines or less excluding comments and whitespaces: currently contains 1059 (file_length)
2025-12-20T04:40:22.1333060Z ##[warning]Force unwrapping should be avoided (force_unwrapping)
2025-12-20T04:40:22.1395690Z ##[warning]Force unwrapping should be avoided (force_unwrapping)
2025-12-20T04:40:22.1398330Z ##[warning]Force unwrapping should be avoided (force_unwrapping)
2025-12-20T04:40:22.1451830Z ##[warning]Function body should span 100 lines or less excluding comments and whitespace: currently spans 131 lines (function_body_length)
2025-12-20T04:40:22.1453790Z ##[warning]Implicitly unwrapped optionals should be avoided when possible (implicitly_unwrapped_optional)
2025-12-20T04:40:22.1455010Z ##[warning]Implicitly unwrapped optionals should be avoided when possible (implicitly_unwrapped_optional)
2025-12-20T04:40:22.1456250Z ##[warning]Implicitly unwrapped optionals should be avoided when possible (implicitly_unwrapped_optional)
2025-12-20T04:40:22.1457450Z ##[warning]Implicitly unwrapped optionals should be avoided when possible (implicitly_unwrapped_optional)
2025-12-20T04:40:22.1458640Z ##[warning]Implicitly unwrapped optionals should be avoided when possible (implicitly_unwrapped_optional)
2025-12-20T04:40:22.1459840Z ##[warning]Implicitly unwrapped optionals should be avoided when possible (implicitly_unwrapped_optional)
2025-12-20T04:40:22.1470950Z ##[warning]Implicitly unwrapped optionals should be avoided when possible (implicitly_unwrapped_optional)
2025-12-20T04:40:22.1471760Z Linting 'PerformanceBenchmarks.swift' (122/148)
2025-12-20T04:40:22.1472710Z ##[warning]Force unwrapping should be avoided (force_unwrapping)
2025-12-20T04:40:22.1473660Z ##[warning]Force unwrapping should be avoided (force_unwrapping)
2025-12-20T04:40:22.1474720Z ##[warning]Force unwrapping should be avoided (force_unwrapping)
2025-12-20T04:40:22.1489160Z ##[warning]Force unwrapping should be avoided (force_unwrapping)
2025-12-20T04:40:22.1491210Z ##[warning]Force unwrapping should be avoided (force_unwrapping)
2025-12-20T04:40:22.1492190Z ##[warning]Force unwrapping should be avoided (force_unwrapping)
2025-12-20T04:40:22.1601540Z ##[warning]Force unwrapping should be avoided (force_unwrapping)
2025-12-20T04:40:22.1602540Z ##[warning]Force unwrapping should be avoided (force_unwrapping)
2025-12-20T04:40:22.1603410Z ##[warning]Force unwrapping should be avoided (force_unwrapping)
2025-12-20T04:40:22.1604250Z ##[warning]Force unwrapping should be avoided (force_unwrapping)
2025-12-20T04:40:22.1605110Z ##[warning]Force unwrapping should be avoided (force_unwrapping)
2025-12-20T04:40:22.1606030Z ##[warning]Force unwrapping should be avoided (force_unwrapping)
2025-12-20T04:40:22.1606940Z ##[warning]Force unwrapping should be avoided (force_unwrapping)
2025-12-20T04:40:22.1607840Z ##[warning]Force unwrapping should be avoided (force_unwrapping)
2025-12-20T04:40:22.1608790Z ##[warning]Force unwrapping should be avoided (force_unwrapping)
2025-12-20T04:40:22.1609680Z ##[warning]Force unwrapping should be avoided (force_unwrapping)
2025-12-20T04:40:22.1610570Z ##[warning]Force unwrapping should be avoided (force_unwrapping)
2025-12-20T04:40:22.1611650Z ##[warning]Force unwrapping should be avoided (force_unwrapping)
2025-12-20T04:40:22.1612560Z ##[warning]Force unwrapping should be avoided (force_unwrapping)
2025-12-20T04:40:22.1632740Z ##[warning]Force unwrapping should be avoided (force_unwrapping)
2025-12-20T04:40:22.1633740Z ##[warning]Force unwrapping should be avoided (force_unwrapping)
2025-12-20T04:40:22.1634610Z ##[warning]Force unwrapping should be avoided (force_unwrapping)
2025-12-20T04:40:22.1635470Z ##[warning]Force unwrapping should be avoided (force_unwrapping)
2025-12-20T04:40:22.1636310Z ##[warning]Force unwrapping should be avoided (force_unwrapping)
2025-12-20T04:40:22.1637150Z ##[warning]Force unwrapping should be avoided (force_unwrapping)
2025-12-20T04:40:22.1637980Z ##[warning]Force unwrapping should be avoided (force_unwrapping)
2025-12-20T04:40:22.1638810Z ##[warning]Force unwrapping should be avoided (force_unwrapping)
2025-12-20T04:40:22.1639640Z ##[warning]Force unwrapping should be avoided (force_unwrapping)
2025-12-20T04:40:22.1640560Z ##[warning]Force unwrapping should be avoided (force_unwrapping)
2025-12-20T04:40:22.1722370Z ##[warning]Force unwrapping should be avoided (force_unwrapping)
2025-12-20T04:40:22.1824300Z ##[warning]Force unwrapping should be avoided (force_unwrapping)
2025-12-20T04:40:22.1925950Z ##[warning]Force unwrapping should be avoided (force_unwrapping)
2025-12-20T04:40:22.2027590Z ##[warning]Force unwrapping should be avoided (force_unwrapping)
2025-12-20T04:40:22.2088640Z ##[warning]Force unwrapping should be avoided (force_unwrapping)
2025-12-20T04:40:22.2089730Z ##[warning]Force unwrapping should be avoided (force_unwrapping)
2025-12-20T04:40:22.2090760Z ##[warning]Force unwrapping should be avoided (force_unwrapping)
2025-12-20T04:40:22.2195440Z ##[warning]Force unwrapping should be avoided (force_unwrapping)
2025-12-20T04:40:22.2203590Z ##[warning]Force unwrapping should be avoided (force_unwrapping)
2025-12-20T04:40:22.2280180Z ##[warning]Force unwrapping should be avoided (force_unwrapping)
2025-12-20T04:40:22.2281320Z ##[warning]Force unwrapping should be avoided (force_unwrapping)
2025-12-20T04:40:22.2282360Z ##[warning]Force unwrapping should be avoided (force_unwrapping)
2025-12-20T04:40:22.2287730Z ##[warning]Force unwrapping should be avoided (force_unwrapping)
2025-12-20T04:40:22.2288660Z ##[warning]Force unwrapping should be avoided (force_unwrapping)
2025-12-20T04:40:22.2289890Z ##[warning]Force unwrapping should be avoided (force_unwrapping)
2025-12-20T04:40:22.2302030Z ##[warning]Force unwrapping should be avoided (force_unwrapping)
2025-12-20T04:40:22.2303290Z ##[warning]Force unwrapping should be avoided (force_unwrapping)
2025-12-20T04:40:22.2304250Z ##[warning]Force unwrapping should be avoided (force_unwrapping)
2025-12-20T04:40:22.2305260Z ##[warning]Force unwrapping should be avoided (force_unwrapping)
2025-12-20T04:40:22.2306360Z ##[warning]Implicitly unwrapped optionals should be avoided when possible (implicitly_unwrapped_optional)
2025-12-20T04:40:22.2307560Z ##[warning]Implicitly unwrapped optionals should be avoided when possible (implicitly_unwrapped_optional)
2025-12-20T04:40:22.2396090Z ##[warning]Files should have a single trailing newline (trailing_newline)
2025-12-20T04:40:22.2396920Z Linting 'SharedMetalConfigurationTests.swift' (123/148)
2025-12-20T04:40:22.2397520Z ##[warning]Imports should be unique (duplicate_imports)
2025-12-20T04:40:22.2398160Z Linting 'SIMDFallbackTests.swift' (124/148)
2025-12-20T04:40:22.2398720Z ##[warning]Force unwrapping should be avoided (force_unwrapping)
2025-12-20T04:40:22.2399820Z ##[warning]Implicitly unwrapped optionals should be avoided when possible (implicitly_unwrapped_optional)
2025-12-20T04:40:22.2400810Z ##[warning]Files should have a single trailing newline (trailing_newline)
2025-12-20T04:40:22.2401360Z Linting 'ClusteringKernelTests.swift' (125/148)
2025-12-20T04:40:22.2401970Z ##[warning]Force unwrapping should be avoided (force_unwrapping)
2025-12-20T04:40:22.2402820Z ##[warning]Force unwrapping should be avoided (force_unwrapping)
2025-12-20T04:40:22.2403840Z ##[warning]Prefer `_ = foo()` over `let _ = foo()` when discarding a result from a function (redundant_discardable_let)
2025-12-20T04:40:22.2404950Z ##[warning]Prefer `_ = foo()` over `let _ = foo()` when discarding a result from a function (redundant_discardable_let)
2025-12-20T04:40:22.2406050Z ##[warning]Prefer `_ = foo()` over `let _ = foo()` when discarding a result from a function (redundant_discardable_let)
2025-12-20T04:40:22.2407160Z ##[warning]Prefer `_ = foo()` over `let _ = foo()` when discarding a result from a function (redundant_discardable_let)
2025-12-20T04:40:22.2407780Z Linting 'IntrospectionTests.swift' (126/148)
2025-12-20T04:40:22.2408270Z ##[warning]Imports should be unique (duplicate_imports)
2025-12-20T04:40:22.2408770Z Linting 'FlatIndexSearchTests.swift' (127/148)
2025-12-20T04:40:22.2409260Z ##[warning]Imports should be unique (duplicate_imports)
2025-12-20T04:40:22.2410320Z ##[warning]File should contain 600 lines or less excluding comments and whitespaces: currently contains 639 (file_length)
2025-12-20T04:40:22.2411360Z ##[warning]`where` clauses are preferred over a single `if` inside a `for` (for_where)
2025-12-20T04:40:22.2412240Z ##[warning]Force unwrapping should be avoided (force_unwrapping)
2025-12-20T04:40:22.2413080Z ##[warning]Force unwrapping should be avoided (force_unwrapping)
2025-12-20T04:40:22.2414010Z ##[warning]Variable name 'd' should be between 2 and 50 characters long (identifier_name)
2025-12-20T04:40:22.2415400Z ##[warning]Implicitly unwrapped optionals should be avoided when possible (implicitly_unwrapped_optional)
2025-12-20T04:40:22.2416530Z ##[warning]Implicitly unwrapped optionals should be avoided when possible (implicitly_unwrapped_optional)
2025-12-20T04:40:22.2433700Z ##[warning]Implicitly unwrapped optionals should be avoided when possible (implicitly_unwrapped_optional)
2025-12-20T04:40:22.2435030Z ##[warning]Implicitly unwrapped optionals should be avoided when possible (implicitly_unwrapped_optional)
2025-12-20T04:40:22.2436180Z ##[warning]Implicitly unwrapped optionals should be avoided when possible (implicitly_unwrapped_optional)
2025-12-20T04:40:22.2437320Z ##[warning]Implicitly unwrapped optionals should be avoided when possible (implicitly_unwrapped_optional)
2025-12-20T04:40:22.2438720Z ##[warning]Implicitly unwrapped optionals should be avoided when possible (implicitly_unwrapped_optional)
2025-12-20T04:40:22.2440390Z ##[warning]Implicitly unwrapped optionals should be avoided when possible (implicitly_unwrapped_optional)
2025-12-20T04:40:22.2441450Z ##[warning]Prefer using `type.random(in:)` over legacy functions (legacy_random)
2025-12-20T04:40:22.2442380Z ##[warning]Prefer using `type.random(in:)` over legacy functions (legacy_random)
2025-12-20T04:40:22.2442960Z Linting 'BufferPoolEnhancedTests.swift' (128/148)
2025-12-20T04:40:22.2443470Z ##[warning]Imports should be unique (duplicate_imports)
2025-12-20T04:40:22.2444380Z ##[warning]Variable name 'h' should be between 2 and 50 characters long (identifier_name)
2025-12-20T04:40:22.2444980Z Linting 'TestRNG.swift' (129/148)
2025-12-20T04:40:22.2445580Z ##[warning]`where` clauses are preferred over a single `if` inside a `for` (for_where)
2025-12-20T04:40:22.2446550Z ##[warning]`where` clauses are preferred over a single `if` inside a `for` (for_where)
2025-12-20T04:40:22.2447440Z ##[warning]Force unwrapping should be avoided (force_unwrapping)
2025-12-20T04:40:22.2448300Z ##[warning]Force unwrapping should be avoided (force_unwrapping)
2025-12-20T04:40:22.2449340Z ##[warning]Implicitly unwrapped optionals should be avoided when possible (implicitly_unwrapped_optional)
2025-12-20T04:40:22.2450480Z ##[warning]Implicitly unwrapped optionals should be avoided when possible (implicitly_unwrapped_optional)
2025-12-20T04:40:22.2451450Z ##[warning]Files should have a single trailing newline (trailing_newline)
2025-12-20T04:40:22.2451990Z Linting 'TestDataGenerator.swift' (130/148)
2025-12-20T04:40:22.2452610Z ##[warning]Variable name 'u' should be between 2 and 50 characters long (identifier_name)
2025-12-20T04:40:22.2453590Z ##[warning]Variable name 't' should be between 2 and 50 characters long (identifier_name)
2025-12-20T04:40:22.2454710Z ##[warning]Variable name 'u' should be between 2 and 50 characters long (identifier_name)
2025-12-20T04:40:22.2455760Z ##[warning]Variable name 'r' should be between 2 and 50 characters long (identifier_name)
2025-12-20T04:40:22.2456440Z Linting 'IVFQuantizationTests.swift' (131/148)
2025-12-20T04:40:22.2592670Z ##[warning]Variable name 'd' should be between 2 and 50 characters long (identifier_name)
2025-12-20T04:40:22.2593980Z ##[warning]Variable name 'd' should be between 2 and 50 characters long (identifier_name)
2025-12-20T04:40:22.2598780Z ##[warning]Variable name 'd' should be between 2 and 50 characters long (identifier_name)
2025-12-20T04:40:22.2599840Z ##[warning]Variable name 'd' should be between 2 and 50 characters long (identifier_name)
2025-12-20T04:40:22.2600870Z ##[warning]Variable name 'd' should be between 2 and 50 characters long (identifier_name)
2025-12-20T04:40:22.2601840Z ##[warning]Variable name 'd' should be between 2 and 50 characters long (identifier_name)
2025-12-20T04:40:22.2602850Z ##[warning]Variable name 'd' should be between 2 and 50 characters long (identifier_name)
2025-12-20T04:40:22.2603860Z ##[warning]Line should be 150 characters or less; currently it has 178 characters (line_length)
2025-12-20T04:40:22.2604900Z ##[warning]Unused parameter in a closure should be replaced with _ (unused_closure_parameter)
2025-12-20T04:40:22.2605860Z Linting 'IndexBenchmarkRecallValidationTests.swift' (132/148)
2025-12-20T04:40:22.2606530Z ##[warning]Variable name 'd' should be between 2 and 50 characters long (identifier_name)
2025-12-20T04:40:22.2607490Z ##[warning]Variable name 'd' should be between 2 and 50 characters long (identifier_name)
2025-12-20T04:40:22.2608450Z ##[warning]Variable name 'd' should be between 2 and 50 characters long (identifier_name)
2025-12-20T04:40:22.2609420Z ##[warning]Variable name 'd' should be between 2 and 50 characters long (identifier_name)
2025-12-20T04:40:22.2610390Z ##[warning]Variable name 'd' should be between 2 and 50 characters long (identifier_name)
2025-12-20T04:40:22.2610960Z Linting 'MemoryMapManagerTests.swift' (133/148)
2025-12-20T04:40:22.2764770Z ##[error]File should contain 1000 lines or less excluding comments and whitespaces: currently contains 2881 (file_length)
2025-12-20T04:40:22.2799930Z ##[warning]`where` clauses are preferred over a single `if` inside a `for` (for_where)
2025-12-20T04:40:22.2801010Z ##[warning]Force unwrapping should be avoided (force_unwrapping)
2025-12-20T04:40:22.2834310Z ##[warning]Force unwrapping should be avoided (force_unwrapping)
2025-12-20T04:40:22.2835370Z ##[warning]Force unwrapping should be avoided (force_unwrapping)
2025-12-20T04:40:22.2836220Z ##[warning]Force unwrapping should be avoided (force_unwrapping)
2025-12-20T04:40:22.2837050Z ##[warning]Force unwrapping should be avoided (force_unwrapping)
2025-12-20T04:40:22.2837990Z ##[warning]Variable name 'A' should be between 2 and 50 characters long (identifier_name)
2025-12-20T04:40:22.2838960Z ##[warning]Variable name 'B' should be between 2 and 50 characters long (identifier_name)
2025-12-20T04:40:22.2839930Z ##[warning]Variable name 'C' should be between 2 and 50 characters long (identifier_name)
2025-12-20T04:40:22.2840910Z ##[warning]Variable name 'A' should be between 2 and 50 characters long (identifier_name)
2025-12-20T04:40:22.2841960Z ##[warning]Variable name 'B' should be between 2 and 50 characters long (identifier_name)
2025-12-20T04:40:22.2842920Z ##[warning]Variable name 'M' should be between 2 and 50 characters long (identifier_name)
2025-12-20T04:40:22.2843880Z ##[warning]Variable name 'K' should be between 2 and 50 characters long (identifier_name)
2025-12-20T04:40:22.2844850Z ##[warning]Variable name 'N' should be between 2 and 50 characters long (identifier_name)
2025-12-20T04:40:22.2845820Z ##[warning]Variable name 'A' should be between 2 and 50 characters long (identifier_name)
2025-12-20T04:40:22.2846790Z ##[warning]Variable name 'B' should be between 2 and 50 characters long (identifier_name)
2025-12-20T04:40:22.2847760Z ##[warning]Variable name 'A' should be between 2 and 50 characters long (identifier_name)
2025-12-20T04:40:22.2848720Z ##[warning]Variable name 'B' should be between 2 and 50 characters long (identifier_name)
2025-12-20T04:40:22.2849700Z ##[warning]Variable name 'C' should be between 2 and 50 characters long (identifier_name)
2025-12-20T04:40:22.2850670Z ##[warning]Variable name 'A' should be between 2 and 50 characters long (identifier_name)
2025-12-20T04:40:22.2851630Z ##[warning]Variable name 'A' should be between 2 and 50 characters long (identifier_name)
2025-12-20T04:40:22.2852660Z ##[warning]Variable name 'A' should be between 2 and 50 characters long (identifier_name)
2025-12-20T04:40:22.2854170Z ##[warning]Variable name 'A' should be between 2 and 50 characters long (identifier_name)
2025-12-20T04:40:22.2855180Z ##[warning]Variable name 'A' should be between 2 and 50 characters long (identifier_name)
2025-12-20T04:40:22.2856140Z ##[warning]Variable name 'A' should be between 2 and 50 characters long (identifier_name)
2025-12-20T04:40:22.2857110Z ##[warning]Variable name 'A' should be between 2 and 50 characters long (identifier_name)
2025-12-20T04:40:22.2858070Z ##[warning]Variable name 'A' should be between 2 and 50 characters long (identifier_name)
2025-12-20T04:40:22.2859490Z ##[warning]Variable name 'A' should be between 2 and 50 characters long (identifier_name)
2025-12-20T04:40:22.2860480Z ##[warning]Variable name 'M' should be between 2 and 50 characters long (identifier_name)
2025-12-20T04:40:22.2861470Z ##[warning]Variable name 'K' should be between 2 and 50 characters long (identifier_name)
2025-12-20T04:40:22.2862450Z ##[warning]Variable name 'N' should be between 2 and 50 characters long (identifier_name)
2025-12-20T04:40:22.2863410Z ##[warning]Variable name 'M' should be between 2 and 50 characters long (identifier_name)
2025-12-20T04:40:22.2864380Z ##[warning]Variable name 'K' should be between 2 and 50 characters long (identifier_name)
2025-12-20T04:40:22.2865340Z ##[warning]Variable name 'N' should be between 2 and 50 characters long (identifier_name)
2025-12-20T04:40:22.2866430Z ##[warning]Implicitly unwrapped optionals should be avoided when possible (implicitly_unwrapped_optional)
2025-12-20T04:40:22.2867820Z ##[warning]Implicitly unwrapped optionals should be avoided when possible (implicitly_unwrapped_optional)
2025-12-20T04:40:22.2868970Z ##[warning]Implicitly unwrapped optionals should be avoided when possible (implicitly_unwrapped_optional)
2025-12-20T04:40:22.2870100Z ##[warning]Implicitly unwrapped optionals should be avoided when possible (implicitly_unwrapped_optional)
2025-12-20T04:40:22.2871230Z ##[warning]Implicitly unwrapped optionals should be avoided when possible (implicitly_unwrapped_optional)
2025-12-20T04:40:22.2872360Z ##[warning]Implicitly unwrapped optionals should be avoided when possible (implicitly_unwrapped_optional)
2025-12-20T04:40:22.2873490Z ##[warning]Implicitly unwrapped optionals should be avoided when possible (implicitly_unwrapped_optional)
2025-12-20T04:40:22.2874610Z ##[warning]Implicitly unwrapped optionals should be avoided when possible (implicitly_unwrapped_optional)
2025-12-20T04:40:22.2875740Z ##[warning]Implicitly unwrapped optionals should be avoided when possible (implicitly_unwrapped_optional)
2025-12-20T04:40:22.2876880Z ##[warning]Implicitly unwrapped optionals should be avoided when possible (implicitly_unwrapped_optional)
2025-12-20T04:40:22.2878010Z ##[warning]Implicitly unwrapped optionals should be avoided when possible (implicitly_unwrapped_optional)
2025-12-20T04:40:22.2879140Z ##[warning]Implicitly unwrapped optionals should be avoided when possible (implicitly_unwrapped_optional)
2025-12-20T04:40:22.2880280Z ##[warning]Implicitly unwrapped optionals should be avoided when possible (implicitly_unwrapped_optional)
2025-12-20T04:40:22.2881460Z ##[warning]Implicitly unwrapped optionals should be avoided when possible (implicitly_unwrapped_optional)
2025-12-20T04:40:22.2882620Z ##[warning]Implicitly unwrapped optionals should be avoided when possible (implicitly_unwrapped_optional)
2025-12-20T04:40:22.2883800Z ##[warning]Implicitly unwrapped optionals should be avoided when possible (implicitly_unwrapped_optional)
2025-12-20T04:40:22.2885010Z ##[warning]Implicitly unwrapped optionals should be avoided when possible (implicitly_unwrapped_optional)
2025-12-20T04:40:22.2886190Z ##[warning]Implicitly unwrapped optionals should be avoided when possible (implicitly_unwrapped_optional)
2025-12-20T04:40:22.2887410Z ##[warning]Implicitly unwrapped optionals should be avoided when possible (implicitly_unwrapped_optional)
2025-12-20T04:40:22.2888560Z ##[warning]Implicitly unwrapped optionals should be avoided when possible (implicitly_unwrapped_optional)
2025-12-20T04:40:22.2889680Z ##[warning]Implicitly unwrapped optionals should be avoided when possible (implicitly_unwrapped_optional)
2025-12-20T04:40:22.2890870Z ##[warning]Implicitly unwrapped optionals should be avoided when possible (implicitly_unwrapped_optional)
2025-12-20T04:40:22.2892120Z ##[warning]Implicitly unwrapped optionals should be avoided when possible (implicitly_unwrapped_optional)
2025-12-20T04:40:22.2893310Z ##[warning]Implicitly unwrapped optionals should be avoided when possible (implicitly_unwrapped_optional)
2025-12-20T04:40:22.2914960Z ##[warning]Implicitly unwrapped optionals should be avoided when possible (implicitly_unwrapped_optional)
2025-12-20T04:40:22.2916750Z ##[warning]Implicitly unwrapped optionals should be avoided when possible (implicitly_unwrapped_optional)
2025-12-20T04:40:22.2918000Z ##[warning]Implicitly unwrapped optionals should be avoided when possible (implicitly_unwrapped_optional)
2025-12-20T04:40:22.2919320Z ##[warning]Implicitly unwrapped optionals should be avoided when possible (implicitly_unwrapped_optional)
2025-12-20T04:40:22.2920540Z ##[warning]Implicitly unwrapped optionals should be avoided when possible (implicitly_unwrapped_optional)
2025-12-20T04:40:22.2935250Z ##[warning]Implicitly unwrapped optionals should be avoided when possible (implicitly_unwrapped_optional)
2025-12-20T04:40:22.2936490Z ##[warning]Implicitly unwrapped optionals should be avoided when possible (implicitly_unwrapped_optional)
2025-12-20T04:40:22.2937870Z ##[warning]Implicitly unwrapped optionals should be avoided when possible (implicitly_unwrapped_optional)
2025-12-20T04:40:22.2939020Z ##[warning]Implicitly unwrapped optionals should be avoided when possible (implicitly_unwrapped_optional)
2025-12-20T04:40:22.2940160Z ##[warning]Implicitly unwrapped optionals should be avoided when possible (implicitly_unwrapped_optional)
2025-12-20T04:40:22.2941290Z ##[warning]Implicitly unwrapped optionals should be avoided when possible (implicitly_unwrapped_optional)
2025-12-20T04:40:22.2942420Z ##[warning]Implicitly unwrapped optionals should be avoided when possible (implicitly_unwrapped_optional)
2025-12-20T04:40:22.2943550Z ##[warning]Implicitly unwrapped optionals should be avoided when possible (implicitly_unwrapped_optional)
2025-12-20T04:40:22.2944680Z ##[warning]Implicitly unwrapped optionals should be avoided when possible (implicitly_unwrapped_optional)
2025-12-20T04:40:22.2945810Z ##[warning]Implicitly unwrapped optionals should be avoided when possible (implicitly_unwrapped_optional)
2025-12-20T04:40:22.2946940Z ##[warning]Implicitly unwrapped optionals should be avoided when possible (implicitly_unwrapped_optional)
2025-12-20T04:40:22.2948080Z ##[warning]Implicitly unwrapped optionals should be avoided when possible (implicitly_unwrapped_optional)
2025-12-20T04:40:22.2949200Z ##[warning]Implicitly unwrapped optionals should be avoided when possible (implicitly_unwrapped_optional)
2025-12-20T04:40:22.2950320Z ##[warning]Implicitly unwrapped optionals should be avoided when possible (implicitly_unwrapped_optional)
2025-12-20T04:40:22.2951460Z ##[warning]Implicitly unwrapped optionals should be avoided when possible (implicitly_unwrapped_optional)
2025-12-20T04:40:22.2952580Z ##[warning]Implicitly unwrapped optionals should be avoided when possible (implicitly_unwrapped_optional)
2025-12-20T04:40:22.2953700Z ##[warning]Implicitly unwrapped optionals should be avoided when possible (implicitly_unwrapped_optional)
2025-12-20T04:40:22.2960830Z ##[warning]Implicitly unwrapped optionals should be avoided when possible (implicitly_unwrapped_optional)
2025-12-20T04:40:22.2961960Z ##[warning]Implicitly unwrapped optionals should be avoided when possible (implicitly_unwrapped_optional)
2025-12-20T04:40:22.2962980Z ##[warning]Collection literals should not have trailing commas (trailing_comma)
2025-12-20T04:40:22.2963940Z ##[warning]Collection literals should not have trailing commas (trailing_comma)
2025-12-20T04:40:22.2964590Z Linting 'BatchProcessorTests.swift' (134/148)
2025-12-20T04:40:22.2965330Z ##[warning]Implicitly unwrapped optionals should be avoided when possible (implicitly_unwrapped_optional)
2025-12-20T04:40:22.2966550Z ##[warning]Implicitly unwrapped optionals should be avoided when possible (implicitly_unwrapped_optional)
2025-12-20T04:40:22.2967520Z ##[warning]Files should have a single trailing newline (trailing_newline)
2025-12-20T04:40:22.2968080Z Linting 'BinaryArchiveManagerTests.swift' (135/148)
2025-12-20T04:40:22.2968900Z ##[warning]Collection literals should not have trailing commas (trailing_comma)
2025-12-20T04:40:22.3030470Z Linting 'MatrixEngineTests.swift' (136/148)
2025-12-20T04:40:22.3053290Z ##[warning]Force unwrapping should be avoided (force_unwrapping)
2025-12-20T04:40:22.3178290Z ##[warning]Implicitly unwrapped optionals should be avoided when possible (implicitly_unwrapped_optional)
2025-12-20T04:40:22.3302080Z ##[warning]Implicitly unwrapped optionals should be avoided when possible (implicitly_unwrapped_optional)
2025-12-20T04:40:22.3408030Z ##[warning]Files should have a single trailing newline (trailing_newline)
2025-12-20T04:40:22.3504980Z Linting 'IndexBenchmarkHarnessTests.swift' (137/148)
2025-12-20T04:40:22.3506020Z ##[warning]Force unwrapping should be avoided (force_unwrapping)
2025-12-20T04:40:22.3507310Z ##[warning]Implicitly unwrapped optionals should be avoided when possible (implicitly_unwrapped_optional)
2025-12-20T04:40:22.3508540Z ##[warning]Implicitly unwrapped optionals should be avoided when possible (implicitly_unwrapped_optional)
2025-12-20T04:40:22.3509920Z ##[warning]Implicitly unwrapped optionals should be avoided when possible (implicitly_unwrapped_optional)
2025-12-20T04:40:22.3510640Z Linting 'FallbackProviderTests.swift' (138/148)
2025-12-20T04:40:22.3510920Z Linting 'IVFValidationTests.swift' (139/148)
2025-12-20T04:40:22.3511710Z ##[warning]Implicitly unwrapped optionals should be avoided when possible (implicitly_unwrapped_optional)
2025-12-20T04:40:22.3512770Z ##[warning]Collection literals should not have trailing commas (trailing_comma)
2025-12-20T04:40:22.3513840Z ##[warning]Collection literals should not have trailing commas (trailing_comma)
2025-12-20T04:40:22.3515380Z ##[warning]Collection literals should not have trailing commas (trailing_comma)
2025-12-20T04:40:22.3516910Z ##[warning]Collection literals should not have trailing commas (trailing_comma)
2025-12-20T04:40:22.3559180Z ##[warning]Collection literals should not have trailing commas (trailing_comma)
2025-12-20T04:40:22.3560430Z ##[warning]Collection literals should not have trailing commas (trailing_comma)
2025-12-20T04:40:22.3561100Z Linting 'SIMDOptimizerTests.swift' (140/148)
2025-12-20T04:40:22.3561900Z ##[warning]Force unwrapping should be avoided (force_unwrapping)
2025-12-20T04:40:22.3562760Z ##[warning]Force unwrapping should be avoided (force_unwrapping)
2025-12-20T04:40:22.3563590Z ##[warning]Force unwrapping should be avoided (force_unwrapping)
2025-12-20T04:40:22.3564460Z ##[warning]Force unwrapping should be avoided (force_unwrapping)
2025-12-20T04:40:22.3565700Z ##[warning]Force unwrapping should be avoided (force_unwrapping)
2025-12-20T04:40:22.3566630Z ##[warning]Force unwrapping should be avoided (force_unwrapping)
2025-12-20T04:40:22.3567490Z ##[warning]Force unwrapping should be avoided (force_unwrapping)
2025-12-20T04:40:22.3568350Z ##[warning]Force unwrapping should be avoided (force_unwrapping)
2025-12-20T04:40:22.3569200Z ##[warning]Force unwrapping should be avoided (force_unwrapping)
2025-12-20T04:40:22.3570050Z ##[warning]Force unwrapping should be avoided (force_unwrapping)
2025-12-20T04:40:22.3570910Z ##[warning]Force unwrapping should be avoided (force_unwrapping)
2025-12-20T04:40:22.3571800Z ##[warning]Force unwrapping should be avoided (force_unwrapping)
2025-12-20T04:40:22.3572630Z ##[warning]Force unwrapping should be avoided (force_unwrapping)
2025-12-20T04:40:22.3573460Z ##[warning]Force unwrapping should be avoided (force_unwrapping)
2025-12-20T04:40:22.3574290Z ##[warning]Force unwrapping should be avoided (force_unwrapping)
2025-12-20T04:40:22.3575160Z ##[warning]Force unwrapping should be avoided (force_unwrapping)
2025-12-20T04:40:22.3576040Z ##[warning]Force unwrapping should be avoided (force_unwrapping)
2025-12-20T04:40:22.3576910Z ##[warning]Force unwrapping should be avoided (force_unwrapping)
2025-12-20T04:40:22.3577780Z ##[warning]Force unwrapping should be avoided (force_unwrapping)
2025-12-20T04:40:22.3578660Z ##[warning]Force unwrapping should be avoided (force_unwrapping)
2025-12-20T04:40:22.3579550Z ##[warning]Force unwrapping should be avoided (force_unwrapping)
2025-12-20T04:40:22.3580380Z ##[warning]Force unwrapping should be avoided (force_unwrapping)
2025-12-20T04:40:22.3581510Z ##[warning]Force unwrapping should be avoided (force_unwrapping)
2025-12-20T04:40:22.3582330Z ##[warning]Force unwrapping should be avoided (force_unwrapping)
2025-12-20T04:40:22.3583170Z ##[warning]Force unwrapping should be avoided (force_unwrapping)
2025-12-20T04:40:22.3584000Z ##[warning]Force unwrapping should be avoided (force_unwrapping)
2025-12-20T04:40:22.3584820Z ##[warning]Force unwrapping should be avoided (force_unwrapping)
2025-12-20T04:40:22.3585640Z ##[warning]Force unwrapping should be avoided (force_unwrapping)
2025-12-20T04:40:22.3586470Z ##[warning]Force unwrapping should be avoided (force_unwrapping)
2025-12-20T04:40:22.3587410Z ##[warning]Force unwrapping should be avoided (force_unwrapping)
2025-12-20T04:40:22.3588410Z ##[warning]Force unwrapping should be avoided (force_unwrapping)
2025-12-20T04:40:22.3589450Z ##[warning]Force unwrapping should be avoided (force_unwrapping)
2025-12-20T04:40:22.3590490Z ##[warning]Force unwrapping should be avoided (force_unwrapping)
2025-12-20T04:40:22.3591480Z ##[warning]Force unwrapping should be avoided (force_unwrapping)
2025-12-20T04:40:22.3592390Z ##[warning]Force unwrapping should be avoided (force_unwrapping)
2025-12-20T04:40:22.3593270Z ##[warning]Force unwrapping should be avoided (force_unwrapping)
2025-12-20T04:40:22.3594220Z ##[warning]Force unwrapping should be avoided (force_unwrapping)
2025-12-20T04:40:22.3595090Z ##[warning]Force unwrapping should be avoided (force_unwrapping)
2025-12-20T04:40:22.3608800Z ##[warning]Force unwrapping should be avoided (force_unwrapping)
2025-12-20T04:40:22.3609710Z ##[warning]Force unwrapping should be avoided (force_unwrapping)
2025-12-20T04:40:22.3610550Z ##[warning]Force unwrapping should be avoided (force_unwrapping)
2025-12-20T04:40:22.3611380Z ##[warning]Force unwrapping should be avoided (force_unwrapping)
2025-12-20T04:40:22.3612210Z ##[warning]Force unwrapping should be avoided (force_unwrapping)
2025-12-20T04:40:22.3613050Z ##[warning]Force unwrapping should be avoided (force_unwrapping)
2025-12-20T04:40:22.3613870Z ##[warning]Force unwrapping should be avoided (force_unwrapping)
2025-12-20T04:40:22.3614800Z ##[error]Variable name 'A_T' should start with a lowercase character (identifier_name)
2025-12-20T04:40:22.3615770Z ##[error]Variable name 'B_T' should start with a lowercase character (identifier_name)
2025-12-20T04:40:22.3616860Z ##[warning]Implicitly unwrapped optionals should be avoided when possible (implicitly_unwrapped_optional)
2025-12-20T04:40:22.3618040Z ##[warning]Implicitly unwrapped optionals should be avoided when possible (implicitly_unwrapped_optional)
2025-12-20T04:40:22.3619020Z ##[warning]Files should have a single trailing newline (trailing_newline)
2025-12-20T04:40:22.3620160Z ##[warning]Class body should span 500 lines or less excluding comments and whitespace: currently spans 516 lines (type_body_length)
2025-12-20T04:40:22.3621630Z ##[warning]Function parameters should be aligned vertically if they're in multiple lines in a declaration (vertical_parameter_alignment)
2025-12-20T04:40:22.3622340Z Linting 'OptimizedKernelsTests.swift' (141/148)
2025-12-20T04:40:22.3687170Z ##[warning]Implicitly unwrapped optionals should be avoided when possible (implicitly_unwrapped_optional)
2025-12-20T04:40:22.3691820Z ##[warning]Files should have a single trailing newline (trailing_newline)
2025-12-20T04:40:22.3692460Z Linting 'KernelConsumerTests.swift' (142/148)
2025-12-20T04:40:22.3718740Z ##[warning]Force unwrapping should be avoided (force_unwrapping)
2025-12-20T04:40:22.3724490Z ##[warning]Files should have a single trailing newline (trailing_newline)
2025-12-20T04:40:22.3725200Z Linting 'AdaptiveNlistTests.swift' (143/148)
2025-12-20T04:40:22.3852660Z ##[warning]Implicitly unwrapped optionals should be avoided when possible (implicitly_unwrapped_optional)
2025-12-20T04:40:22.3853720Z Linting 'PipelineRegistryTests.swift' (144/148)
2025-12-20T04:40:22.3888230Z ##[warning]Variable name 'd' should be between 2 and 50 characters long (identifier_name)
2025-12-20T04:40:22.3891550Z ##[warning]Variable name 'd' should be between 2 and 50 characters long (identifier_name)
2025-12-20T04:40:22.3892650Z ##[warning]Collection literals should not have trailing commas (trailing_comma)
2025-12-20T04:40:22.3893310Z Linting 'ArchivePipelineCacheTests.swift' (145/148)
2025-12-20T04:40:22.3994610Z Linting 'Phase3Tests.swift' (146/148)
2025-12-20T04:40:22.3995710Z ##[warning]Implicitly unwrapped optionals should be avoided when possible (implicitly_unwrapped_optional)
2025-12-20T04:40:22.3997050Z ##[warning]Implicitly unwrapped optionals should be avoided when possible (implicitly_unwrapped_optional)
2025-12-20T04:40:22.3998260Z ##[warning]Implicitly unwrapped optionals should be avoided when possible (implicitly_unwrapped_optional)
2025-12-20T04:40:22.3999460Z ##[warning]Implicitly unwrapped optionals should be avoided when possible (implicitly_unwrapped_optional)
2025-12-20T04:40:22.4000840Z ##[warning]Implicitly unwrapped optionals should be avoided when possible (implicitly_unwrapped_optional)
2025-12-20T04:40:22.4001590Z Linting 'QuantizationEngineEnhancedTests.swift' (147/148)
2025-12-20T04:40:22.4033370Z ##[warning]Implicitly unwrapped optionals should be avoided when possible (implicitly_unwrapped_optional)
2025-12-20T04:40:22.4122950Z Linting 'Metal4LifecycleIntegrationTests.swift' (148/148)
2025-12-20T04:40:22.4540110Z ##[warning]Imports should be unique (duplicate_imports)
2025-12-20T04:40:22.4541170Z ##[warning]Force unwrapping should be avoided (force_unwrapping)
2025-12-20T04:40:22.4542120Z ##[warning]Force unwrapping should be avoided (force_unwrapping)
2025-12-20T04:40:22.4543020Z ##[warning]Force unwrapping should be avoided (force_unwrapping)
2025-12-20T04:40:22.4543890Z ##[warning]Force unwrapping should be avoided (force_unwrapping)
2025-12-20T04:40:22.4544740Z ##[warning]Force unwrapping should be avoided (force_unwrapping)
2025-12-20T04:40:22.4545600Z ##[warning]Force unwrapping should be avoided (force_unwrapping)
2025-12-20T04:40:22.4546460Z ##[warning]Force unwrapping should be avoided (force_unwrapping)
2025-12-20T04:40:22.4547300Z ##[warning]Force unwrapping should be avoided (force_unwrapping)
2025-12-20T04:40:22.4548130Z ##[warning]Force unwrapping should be avoided (force_unwrapping)
2025-12-20T04:40:22.4548970Z ##[warning]Force unwrapping should be avoided (force_unwrapping)
2025-12-20T04:40:22.4549800Z ##[warning]Force unwrapping should be avoided (force_unwrapping)
2025-12-20T04:40:22.4550630Z ##[warning]Force unwrapping should be avoided (force_unwrapping)
2025-12-20T04:40:22.4551470Z ##[warning]Force unwrapping should be avoided (force_unwrapping)
2025-12-20T04:40:22.4552300Z ##[warning]Force unwrapping should be avoided (force_unwrapping)
2025-12-20T04:40:22.4553130Z ##[warning]Force unwrapping should be avoided (force_unwrapping)
2025-12-20T04:40:22.4553990Z ##[warning]Force unwrapping should be avoided (force_unwrapping)
2025-12-20T04:40:22.4554860Z ##[warning]Force unwrapping should be avoided (force_unwrapping)
2025-12-20T04:40:22.4555710Z ##[warning]Force unwrapping should be avoided (force_unwrapping)
2025-12-20T04:40:22.4556540Z ##[warning]Force unwrapping should be avoided (force_unwrapping)
2025-12-20T04:40:22.4557410Z ##[warning]Force unwrapping should be avoided (force_unwrapping)
2025-12-20T04:40:22.4558300Z ##[warning]Force unwrapping should be avoided (force_unwrapping)
2025-12-20T04:40:22.4559130Z ##[warning]Force unwrapping should be avoided (force_unwrapping)
2025-12-20T04:40:22.4560010Z ##[warning]Force unwrapping should be avoided (force_unwrapping)
2025-12-20T04:40:22.4560840Z ##[warning]Force unwrapping should be avoided (force_unwrapping)
2025-12-20T04:40:22.4561670Z ##[warning]Force unwrapping should be avoided (force_unwrapping)
2025-12-20T04:40:22.4562510Z ##[warning]Force unwrapping should be avoided (force_unwrapping)
2025-12-20T04:40:22.4563360Z ##[warning]Force unwrapping should be avoided (force_unwrapping)
2025-12-20T04:40:22.4564190Z ##[warning]Force unwrapping should be avoided (force_unwrapping)
2025-12-20T04:40:22.4565360Z ##[warning]Force unwrapping should be avoided (force_unwrapping)
2025-12-20T04:40:22.4566240Z ##[warning]Force unwrapping should be avoided (force_unwrapping)
2025-12-20T04:40:22.4567070Z ##[warning]Force unwrapping should be avoided (force_unwrapping)
2025-12-20T04:40:22.4567940Z ##[warning]Force unwrapping should be avoided (force_unwrapping)
2025-12-20T04:40:22.4568810Z ##[warning]Force unwrapping should be avoided (force_unwrapping)
2025-12-20T04:40:22.4569700Z ##[warning]Force unwrapping should be avoided (force_unwrapping)
2025-12-20T04:40:22.4570520Z ##[warning]Force unwrapping should be avoided (force_unwrapping)
2025-12-20T04:40:22.4571400Z ##[warning]Force unwrapping should be avoided (force_unwrapping)
2025-12-20T04:40:22.4572270Z ##[warning]Force unwrapping should be avoided (force_unwrapping)
2025-12-20T04:40:22.4573110Z ##[warning]Force unwrapping should be avoided (force_unwrapping)
2025-12-20T04:40:22.4574060Z ##[warning]Force unwrapping should be avoided (force_unwrapping)
2025-12-20T04:40:22.4574960Z ##[warning]Force unwrapping should be avoided (force_unwrapping)
2025-12-20T04:40:22.4575860Z ##[warning]Force unwrapping should be avoided (force_unwrapping)
2025-12-20T04:40:22.4577050Z ##[warning]Force unwrapping should be avoided (force_unwrapping)
2025-12-20T04:40:22.4578650Z ##[warning]Force unwrapping should be avoided (force_unwrapping)
2025-12-20T04:40:22.4579590Z ##[warning]Force unwrapping should be avoided (force_unwrapping)
2025-12-20T04:40:22.4580500Z ##[warning]Force unwrapping should be avoided (force_unwrapping)
2025-12-20T04:40:22.4581390Z ##[warning]Force unwrapping should be avoided (force_unwrapping)
2025-12-20T04:40:22.4582380Z ##[warning]Force unwrapping should be avoided (force_unwrapping)
2025-12-20T04:40:22.4583270Z ##[warning]Force unwrapping should be avoided (force_unwrapping)
2025-12-20T04:40:22.4597190Z ##[warning]Force unwrapping should be avoided (force_unwrapping)
2025-12-20T04:40:22.4598470Z ##[warning]Implicitly unwrapped optionals should be avoided when possible (implicitly_unwrapped_optional)
2025-12-20T04:40:22.4599650Z ##[warning]Implicitly unwrapped optionals should be avoided when possible (implicitly_unwrapped_optional)
2025-12-20T04:40:22.4600670Z ##[warning]Collection literals should not have trailing commas (trailing_comma)
2025-12-20T04:40:22.4601610Z ##[warning]Files should have a single trailing newline (trailing_newline)
2025-12-20T04:40:22.4602940Z ##[warning]Class body should span 500 lines or less excluding comments and whitespace: currently spans 515 lines (type_body_length)
2025-12-20T04:40:22.4604280Z ##[warning]File should contain 600 lines or less excluding comments and whitespaces: currently contains 737 (file_length)
2025-12-20T04:40:22.4605410Z ##[warning]Force unwrapping should be avoided (force_unwrapping)
2025-12-20T04:40:22.4606300Z ##[warning]Force unwrapping should be avoided (force_unwrapping)
2025-12-20T04:40:22.4607390Z ##[warning]Implicitly unwrapped optionals should be avoided when possible (implicitly_unwrapped_optional)
2025-12-20T04:40:22.4608540Z ##[warning]Implicitly unwrapped optionals should be avoided when possible (implicitly_unwrapped_optional)
2025-12-20T04:40:22.4609660Z ##[warning]Prefer `_ = foo()` over `let _ = foo()` when discarding a result from a function (redundant_discardable_let)
2025-12-20T04:40:22.4610770Z ##[warning]Prefer `_ = foo()` over `let _ = foo()` when discarding a result from a function (redundant_discardable_let)
2025-12-20T04:40:22.4611770Z ##[warning]Collection literals should not have trailing commas (trailing_comma)
2025-12-20T04:40:22.4612760Z ##[warning]Collection literals should not have trailing commas (trailing_comma)
2025-12-20T04:40:22.4613710Z ##[warning]Collection literals should not have trailing commas (trailing_comma)
2025-12-20T04:40:22.4614700Z ##[warning]Collection literals should not have trailing commas (trailing_comma)
2025-12-20T04:40:22.4615700Z ##[warning]Collection literals should not have trailing commas (trailing_comma)
2025-12-20T04:40:22.4616930Z ##[warning]Collection literals should not have trailing commas (trailing_comma)
2025-12-20T04:40:22.4617860Z ##[warning]Collection literals should not have trailing commas (trailing_comma)
2025-12-20T04:40:22.4618930Z ##[warning]Collection literals should not have trailing commas (trailing_comma)
2025-12-20T04:40:22.4619920Z ##[warning]Collection literals should not have trailing commas (trailing_comma)
2025-12-20T04:40:22.4620860Z ##[warning]Collection literals should not have trailing commas (trailing_comma)
2025-12-20T04:40:22.4622080Z ##[error]File should contain 1000 lines or less excluding comments and whitespaces: currently contains 1576 (file_length)
2025-12-20T04:40:22.4623170Z ##[warning]`where` clauses are preferred over a single `if` inside a `for` (for_where)
2025-12-20T04:40:22.4624140Z ##[warning]`where` clauses are preferred over a single `if` inside a `for` (for_where)
2025-12-20T04:40:22.4625310Z ##[warning]Variable name 'd' should be between 2 and 50 characters long (identifier_name)
2025-12-20T04:40:22.4626390Z ##[warning]Variable name 'd' should be between 2 and 50 characters long (identifier_name)
2025-12-20T04:40:22.4627400Z ##[warning]Variable name 'c' should be between 2 and 50 characters long (identifier_name)
2025-12-20T04:40:22.4628370Z ##[warning]Variable name 's' should be between 2 and 50 characters long (identifier_name)
2025-12-20T04:40:22.4629390Z ##[warning]Variable name 'd' should be between 2 and 50 characters long (identifier_name)
2025-12-20T04:40:22.4630340Z ##[warning]Collection literals should not have trailing commas (trailing_comma)
2025-12-20T04:40:22.4631370Z ##[warning]Collection literals should not have trailing commas (trailing_comma)
2025-12-20T04:40:22.4632580Z ##[error]Class body should span 1000 lines or less excluding comments and whitespace: currently spans 1506 lines (type_body_length)
2025-12-20T04:40:22.4633370Z Done linting! Found 799 violations, 14 serious in 148 files.
2025-12-20T04:40:22.5093360Z /Users/runner/work/_temp/4b338247-2f73-47ae-b1ae-7ca6ef3bd6b8.sh: line 15: [: 0
2025-12-20T04:40:22.5093740Z 0: integer expression expected
2025-12-20T04:40:22.5167360Z ##[group]Run actions/upload-artifact@v4
2025-12-20T04:40:22.5167580Z with:
2025-12-20T04:40:22.5167700Z   name: swiftlint-log
2025-12-20T04:40:22.5167840Z   path: swiftlint.log
2025-12-20T04:40:22.5167980Z   retention-days: 7
2025-12-20T04:40:22.5168120Z   if-no-files-found: warn
2025-12-20T04:40:22.5168270Z   compression-level: 6
2025-12-20T04:40:22.5168400Z   overwrite: false
2025-12-20T04:40:22.5168540Z   include-hidden-files: false
2025-12-20T04:40:22.5168690Z env:
2025-12-20T04:40:22.5168860Z   DEVELOPER_DIR: /Applications/Xcode.app/Contents/Developer
2025-12-20T04:40:22.5169080Z ##[endgroup]
2025-12-20T04:40:22.6752790Z With the provided path, there will be 1 file uploaded
2025-12-20T04:40:22.6755390Z Artifact name is valid!
2025-12-20T04:40:22.6755810Z Root directory input is valid!
2025-12-20T04:40:22.9418480Z Beginning upload of artifact content to blob storage
2025-12-20T04:40:23.2279350Z Uploaded bytes 9781
2025-12-20T04:40:23.3119010Z Finished uploading artifact content to blob storage!
2025-12-20T04:40:23.3125710Z SHA256 digest of uploaded artifact zip is ec84d8d3bca985549d0ddf53e6ad8125e806c67c8bb85b115b86207672282d80
2025-12-20T04:40:23.3129710Z Finalizing artifact upload
2025-12-20T04:40:23.4411460Z Artifact swiftlint-log.zip successfully finalized. Artifact ID 4931206861
2025-12-20T04:40:23.4425530Z Artifact swiftlint-log has been successfully uploaded! Final size is 9781 bytes. Artifact ID is 4931206861
2025-12-20T04:40:23.4426140Z Artifact download URL: https://github.com/gifton/VectorAccelerate/actions/runs/20389274787/artifacts/4931206861
2025-12-20T04:40:23.4523940Z Post job cleanup.
2025-12-20T04:40:23.5347790Z [command]/opt/homebrew/bin/git version
2025-12-20T04:40:23.5411460Z git version 2.50.1
2025-12-20T04:40:23.5433190Z Copying '/Users/runner/.gitconfig' to '/Users/runner/work/_temp/ea8263e1-1a51-4dcc-a134-67ac50b2f904/.gitconfig'
2025-12-20T04:40:23.5440380Z Temporarily overriding HOME='/Users/runner/work/_temp/ea8263e1-1a51-4dcc-a134-67ac50b2f904' before making global git config changes
2025-12-20T04:40:23.5440970Z Adding repository directory to the temporary git global config as a safe directory
2025-12-20T04:40:23.5444830Z [command]/opt/homebrew/bin/git config --global --add safe.directory /Users/runner/work/VectorAccelerate/VectorAccelerate
2025-12-20T04:40:23.5509560Z [command]/opt/homebrew/bin/git config --local --name-only --get-regexp core\.sshCommand
2025-12-20T04:40:23.5570430Z [command]/opt/homebrew/bin/git submodule foreach --recursive sh -c "git config --local --name-only --get-regexp 'core\.sshCommand' && git config --local --unset-all 'core.sshCommand' || :"
2025-12-20T04:40:23.6306570Z [command]/opt/homebrew/bin/git config --local --name-only --get-regexp http\.https\:\/\/github\.com\/\.extraheader
2025-12-20T04:40:23.6358550Z http.https://github.com/.extraheader
2025-12-20T04:40:23.6367930Z [command]/opt/homebrew/bin/git config --local --unset-all http.https://github.com/.extraheader
2025-12-20T04:40:23.6428280Z [command]/opt/homebrew/bin/git submodule foreach --recursive sh -c "git config --local --name-only --get-regexp 'http\.https\:\/\/github\.com\/\.extraheader' && git config --local --unset-all 'http.https://github.com/.extraheader' || :"
2025-12-20T04:40:23.7113020Z [command]/opt/homebrew/bin/git config --local --name-only --get-regexp ^includeIf\.gitdir:
2025-12-20T04:40:23.7169620Z [command]/opt/homebrew/bin/git submodule foreach --recursive git config --local --show-origin --name-only --get-regexp remote.origin.url
2025-12-20T04:40:23.7937890Z Cleaning up orphan processes
